gcc -Wall:
c/rejected/11_no_abs_on_sibling_step.c:1:58: warning: return type defaults to ‘int’ [-Wimplicit-int]
    1 | void*realloc();int**P,*S,p,v=1,q,r,k,i,c,j,*o,*t,M,*x,*y;m(i,I,j,J){int c=j;for(;i<I&c<J&&(y[c]<1|!e(i,c)||!(y[c]*=-1,r=m(i+x[i],I,j,J),y[c]*=-1,r));c+=y[c]);return i/I|c<J;}e(i,j){int J=j+y[j];for(;j<J&&(x[*x+i]-y[*y+j]|!m(i+1,i+x[i],j+1,j+y[j]));j++);return j<J;}g(){for(k=p;k&&*(o=P[--k])==v;)for(i=v+1;--i;)for(c=3;c--;)for(P=realloc(P,p+1<<3),P[p++]=t=realloc(0,v+1<<3),j=v+1;j--;)r=j-(j>i),t[j]=j-i?o[r]+(r<i&r+o[r]>=i):1,t[j-~v]=j-i?o[v+r]:c;v++;}f(d){int k=0;for(S=realloc(S,4*d+4),v>d+1||g(),M+=d>M;*P[k]<d+2;~q?:f(d+1),k++)for(S[d]=k,y=P[k],q=d;q--&&S[q]-k&&!(x=P[S[q]],e(0,0)););}main(){for(P=realloc(0,24);p<3;*P[p++]=1)(P[p]=realloc(0,8))[1]=p;f(0);printf("%d",M);}
      |                                                          ^
c/rejected/11_no_abs_on_sibling_step.c: In function ‘m’:
c/rejected/11_no_abs_on_sibling_step.c:1:58: warning: type of ‘i’ defaults to ‘int’ [-Wimplicit-int]
c/rejected/11_no_abs_on_sibling_step.c:1:58: warning: type of ‘I’ defaults to ‘int’ [-Wimplicit-int]
c/rejected/11_no_abs_on_sibling_step.c:1:58: warning: type of ‘j’ defaults to ‘int’ [-Wimplicit-int]
c/rejected/11_no_abs_on_sibling_step.c:1:58: warning: type of ‘J’ defaults to ‘int’ [-Wimplicit-int]
c/rejected/11_no_abs_on_sibling_step.c:1:83: warning: suggest parentheses around comparison in operand of ‘&’ [-Wparentheses]
    1 | void*realloc();int**P,*S,p,v=1,q,r,k,i,c,j,*o,*t,M,*x,*y;m(i,I,j,J){int c=j;for(;i<I&c<J&&(y[c]<1|!e(i,c)||!(y[c]*=-1,r=m(i+x[i],I,j,J),y[c]*=-1,r));c+=y[c]);return i/I|c<J;}e(i,j){int J=j+y[j];for(;j<J&&(x[*x+i]-y[*y+j]|!m(i+1,i+x[i],j+1,j+y[j]));j++);return j<J;}g(){for(k=p;k&&*(o=P[--k])==v;)for(i=v+1;--i;)for(c=3;c--;)for(P=realloc(P,p+1<<3),P[p++]=t=realloc(0,v+1<<3),j=v+1;j--;)r=j-(j>i),t[j]=j-i?o[r]+(r<i&r+o[r]>=i):1,t[j-~v]=j-i?o[v+r]:c;v++;}f(d){int k=0;for(S=realloc(S,4*d+4),v>d+1||g(),M+=d>M;*P[k]<d+2;~q?:f(d+1),k++)for(S[d]=k,y=P[k],q=d;q--&&S[q]-k&&!(x=P[S[q]],e(0,0)););}main(){for(P=realloc(0,24);p<3;*P[p++]=1)(P[p]=realloc(0,8))[1]=p;f(0);printf("%d",M);}
      |                                                                                  ~^~
c/rejected/11_no_abs_on_sibling_step.c:1:100: warning: implicit declaration of function ‘e’ [-Wimplicit-function-declaration]
    1 | void*realloc();int**P,*S,p,v=1,q,r,k,i,c,j,*o,*t,M,*x,*y;m(i,I,j,J){int c=j;for(;i<I&c<J&&(y[c]<1|!e(i,c)||!(y[c]*=-1,r=m(i+x[i],I,j,J),y[c]*=-1,r));c+=y[c]);return i/I|c<J;}e(i,j){int J=j+y[j];for(;j<J&&(x[*x+i]-y[*y+j]|!m(i+1,i+x[i],j+1,j+y[j]));j++);return j<J;}g(){for(k=p;k&&*(o=P[--k])==v;)for(i=v+1;--i;)for(c=3;c--;)for(P=realloc(P,p+1<<3),P[p++]=t=realloc(0,v+1<<3),j=v+1;j--;)r=j-(j>i),t[j]=j-i?o[r]+(r<i&r+o[r]>=i):1,t[j-~v]=j-i?o[v+r]:c;v++;}f(d){int k=0;for(S=realloc(S,4*d+4),v>d+1||g(),M+=d>M;*P[k]<d+2;~q?:f(d+1),k++)for(S[d]=k,y=P[k],q=d;q--&&S[q]-k&&!(x=P[S[q]],e(0,0)););}main(){for(P=realloc(0,24);p<3;*P[p++]=1)(P[p]=realloc(0,8))[1]=p;f(0);printf("%d",M);}
      |                                                                                                    ^
c/rejected/11_no_abs_on_sibling_step.c:1:96: warning: suggest parentheses around comparison in operand of ‘|’ [-Wparentheses]
    1 | void*realloc();int**P,*S,p,v=1,q,r,k,i,c,j,*o,*t,M,*x,*y;m(i,I,j,J){int c=j;for(;i<I&c<J&&(y[c]<1|!e(i,c)||!(y[c]*=-1,r=m(i+x[i],I,j,J),y[c]*=-1,r));c+=y[c]);return i/I|c<J;}e(i,j){int J=j+y[j];for(;j<J&&(x[*x+i]-y[*y+j]|!m(i+1,i+x[i],j+1,j+y[j]));j++);return j<J;}g(){for(k=p;k&&*(o=P[--k])==v;)for(i=v+1;--i;)for(c=3;c--;)for(P=realloc(P,p+1<<3),P[p++]=t=realloc(0,v+1<<3),j=v+1;j--;)r=j-(j>i),t[j]=j-i?o[r]+(r<i&r+o[r]>=i):1,t[j-~v]=j-i?o[v+r]:c;v++;}f(d){int k=0;for(S=realloc(S,4*d+4),v>d+1||g(),M+=d>M;*P[k]<d+2;~q?:f(d+1),k++)for(S[d]=k,y=P[k],q=d;q--&&S[q]-k&&!(x=P[S[q]],e(0,0)););}main(){for(P=realloc(0,24);p<3;*P[p++]=1)(P[p]=realloc(0,8))[1]=p;f(0);printf("%d",M);}
      |                                                                                            ~~~~^~
c/rejected/11_no_abs_on_sibling_step.c:1:171: warning: suggest parentheses around comparison in operand of ‘|’ [-Wparentheses]
    1 | void*realloc();int**P,*S,p,v=1,q,r,k,i,c,j,*o,*t,M,*x,*y;m(i,I,j,J){int c=j;for(;i<I&c<J&&(y[c]<1|!e(i,c)||!(y[c]*=-1,r=m(i+x[i],I,j,J),y[c]*=-1,r));c+=y[c]);return i/I|c<J;}e(i,j){int J=j+y[j];for(;j<J&&(x[*x+i]-y[*y+j]|!m(i+1,i+x[i],j+1,j+y[j]));j++);return j<J;}g(){for(k=p;k&&*(o=P[--k])==v;)for(i=v+1;--i;)for(c=3;c--;)for(P=realloc(P,p+1<<3),P[p++]=t=realloc(0,v+1<<3),j=v+1;j--;)r=j-(j>i),t[j]=j-i?o[r]+(r<i&r+o[r]>=i):1,t[j-~v]=j-i?o[v+r]:c;v++;}f(d){int k=0;for(S=realloc(S,4*d+4),v>d+1||g(),M+=d>M;*P[k]<d+2;~q?:f(d+1),k++)for(S[d]=k,y=P[k],q=d;q--&&S[q]-k&&!(x=P[S[q]],e(0,0)););}main(){for(P=realloc(0,24);p<3;*P[p++]=1)(P[p]=realloc(0,8))[1]=p;f(0);printf("%d",M);}
      |                                                                                                                                                                          ~^~
c/rejected/11_no_abs_on_sibling_step.c: At top level:
c/rejected/11_no_abs_on_sibling_step.c:1:175: warning: return type defaults to ‘int’ [-Wimplicit-int]
    1 | void*realloc();int**P,*S,p,v=1,q,r,k,i,c,j,*o,*t,M,*x,*y;m(i,I,j,J){int c=j;for(;i<I&c<J&&(y[c]<1|!e(i,c)||!(y[c]*=-1,r=m(i+x[i],I,j,J),y[c]*=-1,r));c+=y[c]);return i/I|c<J;}e(i,j){int J=j+y[j];for(;j<J&&(x[*x+i]-y[*y+j]|!m(i+1,i+x[i],j+1,j+y[j]));j++);return j<J;}g(){for(k=p;k&&*(o=P[--k])==v;)for(i=v+1;--i;)for(c=3;c--;)for(P=realloc(P,p+1<<3),P[p++]=t=realloc(0,v+1<<3),j=v+1;j--;)r=j-(j>i),t[j]=j-i?o[r]+(r<i&r+o[r]>=i):1,t[j-~v]=j-i?o[v+r]:c;v++;}f(d){int k=0;for(S=realloc(S,4*d+4),v>d+1||g(),M+=d>M;*P[k]<d+2;~q?:f(d+1),k++)for(S[d]=k,y=P[k],q=d;q--&&S[q]-k&&!(x=P[S[q]],e(0,0)););}main(){for(P=realloc(0,24);p<3;*P[p++]=1)(P[p]=realloc(0,8))[1]=p;f(0);printf("%d",M);}
      |                                                                                                                                                                               ^
c/rejected/11_no_abs_on_sibling_step.c: In function ‘e’:
c/rejected/11_no_abs_on_sibling_step.c:1:175: warning: type of ‘i’ defaults to ‘int’ [-Wimplicit-int]
c/rejected/11_no_abs_on_sibling_step.c:1:175: warning: type of ‘j’ defaults to ‘int’ [-Wimplicit-int]
c/rejected/11_no_abs_on_sibling_step.c:1:213: warning: suggest parentheses around arithmetic in operand of ‘|’ [-Wparentheses]
    1 | void*realloc();int**P,*S,p,v=1,q,r,k,i,c,j,*o,*t,M,*x,*y;m(i,I,j,J){int c=j;for(;i<I&c<J&&(y[c]<1|!e(i,c)||!(y[c]*=-1,r=m(i+x[i],I,j,J),y[c]*=-1,r));c+=y[c]);return i/I|c<J;}e(i,j){int J=j+y[j];for(;j<J&&(x[*x+i]-y[*y+j]|!m(i+1,i+x[i],j+1,j+y[j]));j++);return j<J;}g(){for(k=p;k&&*(o=P[--k])==v;)for(i=v+1;--i;)for(c=3;c--;)for(P=realloc(P,p+1<<3),P[p++]=t=realloc(0,v+1<<3),j=v+1;j--;)r=j-(j>i),t[j]=j-i?o[r]+(r<i&r+o[r]>=i):1,t[j-~v]=j-i?o[v+r]:c;v++;}f(d){int k=0;for(S=realloc(S,4*d+4),v>d+1||g(),M+=d>M;*P[k]<d+2;~q?:f(d+1),k++)for(S[d]=k,y=P[k],q=d;q--&&S[q]-k&&!(x=P[S[q]],e(0,0)););}main(){for(P=realloc(0,24);p<3;*P[p++]=1)(P[p]=realloc(0,8))[1]=p;f(0);printf("%d",M);}
      |                                                                                                                                                                                                              ~~~~~~~^~~~~~~~
c/rejected/11_no_abs_on_sibling_step.c: At top level:
c/rejected/11_no_abs_on_sibling_step.c:1:266: warning: return type defaults to ‘int’ [-Wimplicit-int]
    1 | void*realloc();int**P,*S,p,v=1,q,r,k,i,c,j,*o,*t,M,*x,*y;m(i,I,j,J){int c=j;for(;i<I&c<J&&(y[c]<1|!e(i,c)||!(y[c]*=-1,r=m(i+x[i],I,j,J),y[c]*=-1,r));c+=y[c]);return i/I|c<J;}e(i,j){int J=j+y[j];for(;j<J&&(x[*x+i]-y[*y+j]|!m(i+1,i+x[i],j+1,j+y[j]));j++);return j<J;}g(){for(k=p;k&&*(o=P[--k])==v;)for(i=v+1;--i;)for(c=3;c--;)for(P=realloc(P,p+1<<3),P[p++]=t=realloc(0,v+1<<3),j=v+1;j--;)r=j-(j>i),t[j]=j-i?o[r]+(r<i&r+o[r]>=i):1,t[j-~v]=j-i?o[v+r]:c;v++;}f(d){int k=0;for(S=realloc(S,4*d+4),v>d+1||g(),M+=d>M;*P[k]<d+2;~q?:f(d+1),k++)for(S[d]=k,y=P[k],q=d;q--&&S[q]-k&&!(x=P[S[q]],e(0,0)););}main(){for(P=realloc(0,24);p<3;*P[p++]=1)(P[p]=realloc(0,8))[1]=p;f(0);printf("%d",M);}
      |                                                                                                                                                                                                                                                                          ^
c/rejected/11_no_abs_on_sibling_step.c: In function ‘g’:
c/rejected/11_no_abs_on_sibling_step.c:1:342: warning: suggest parentheses around ‘+’ inside ‘<<’ [-Wparentheses]
    1 | void*realloc();int**P,*S,p,v=1,q,r,k,i,c,j,*o,*t,M,*x,*y;m(i,I,j,J){int c=j;for(;i<I&c<J&&(y[c]<1|!e(i,c)||!(y[c]*=-1,r=m(i+x[i],I,j,J),y[c]*=-1,r));c+=y[c]);return i/I|c<J;}e(i,j){int J=j+y[j];for(;j<J&&(x[*x+i]-y[*y+j]|!m(i+1,i+x[i],j+1,j+y[j]));j++);return j<J;}g(){for(k=p;k&&*(o=P[--k])==v;)for(i=v+1;--i;)for(c=3;c--;)for(P=realloc(P,p+1<<3),P[p++]=t=realloc(0,v+1<<3),j=v+1;j--;)r=j-(j>i),t[j]=j-i?o[r]+(r<i&r+o[r]>=i):1,t[j-~v]=j-i?o[v+r]:c;v++;}f(d){int k=0;for(S=realloc(S,4*d+4),v>d+1||g(),M+=d>M;*P[k]<d+2;~q?:f(d+1),k++)for(S[d]=k,y=P[k],q=d;q--&&S[q]-k&&!(x=P[S[q]],e(0,0)););}main(){for(P=realloc(0,24);p<3;*P[p++]=1)(P[p]=realloc(0,8))[1]=p;f(0);printf("%d",M);}
      |                                                                                                                                                                                                                                                                                                                                                     ~^~
c/rejected/11_no_abs_on_sibling_step.c:1:344: warning: ‘realloc’ argument 2 type is ‘int’ where ‘long unsigned int’ is expected in a call to built-in function declared without prototype [-Wbuiltin-declaration-mismatch]
    1 | void*realloc();int**P,*S,p,v=1,q,r,k,i,c,j,*o,*t,M,*x,*y;m(i,I,j,J){int c=j;for(;i<I&c<J&&(y[c]<1|!e(i,c)||!(y[c]*=-1,r=m(i+x[i],I,j,J),y[c]*=-1,r));c+=y[c]);return i/I|c<J;}e(i,j){int J=j+y[j];for(;j<J&&(x[*x+i]-y[*y+j]|!m(i+1,i+x[i],j+1,j+y[j]));j++);return j<J;}g(){for(k=p;k&&*(o=P[--k])==v;)for(i=v+1;--i;)for(c=3;c--;)for(P=realloc(P,p+1<<3),P[p++]=t=realloc(0,v+1<<3),j=v+1;j--;)r=j-(j>i),t[j]=j-i?o[r]+(r<i&r+o[r]>=i):1,t[j-~v]=j-i?o[v+r]:c;v++;}f(d){int k=0;for(S=realloc(S,4*d+4),v>d+1||g(),M+=d>M;*P[k]<d+2;~q?:f(d+1),k++)for(S[d]=k,y=P[k],q=d;q--&&S[q]-k&&!(x=P[S[q]],e(0,0)););}main(){for(P=realloc(0,24);p<3;*P[p++]=1)(P[p]=realloc(0,8))[1]=p;f(0);printf("%d",M);}
      |                                                                                                                                                                                                                                                                                                                                                     ~~~^~~
c/rejected/11_no_abs_on_sibling_step.c:1:6: note: built-in ‘realloc’ declared here
    1 | void*realloc();int**P,*S,p,v=1,q,r,k,i,c,j,*o,*t,M,*x,*y;m(i,I,j,J){int c=j;for(;i<I&c<J&&(y[c]<1|!e(i,c)||!(y[c]*=-1,r=m(i+x[i],I,j,J),y[c]*=-1,r));c+=y[c]);return i/I|c<J;}e(i,j){int J=j+y[j];for(;j<J&&(x[*x+i]-y[*y+j]|!m(i+1,i+x[i],j+1,j+y[j]));j++);return j<J;}g(){for(k=p;k&&*(o=P[--k])==v;)for(i=v+1;--i;)for(c=3;c--;)for(P=realloc(P,p+1<<3),P[p++]=t=realloc(0,v+1<<3),j=v+1;j--;)r=j-(j>i),t[j]=j-i?o[r]+(r<i&r+o[r]>=i):1,t[j-~v]=j-i?o[v+r]:c;v++;}f(d){int k=0;for(S=realloc(S,4*d+4),v>d+1||g(),M+=d>M;*P[k]<d+2;~q?:f(d+1),k++)for(S[d]=k,y=P[k],q=d;q--&&S[q]-k&&!(x=P[S[q]],e(0,0)););}main(){for(P=realloc(0,24);p<3;*P[p++]=1)(P[p]=realloc(0,8))[1]=p;f(0);printf("%d",M);}
      |      ^~~~~~~
c/rejected/11_no_abs_on_sibling_step.c:1:369: warning: suggest parentheses around ‘+’ inside ‘<<’ [-Wparentheses]
    1 | void*realloc();int**P,*S,p,v=1,q,r,k,i,c,j,*o,*t,M,*x,*y;m(i,I,j,J){int c=j;for(;i<I&c<J&&(y[c]<1|!e(i,c)||!(y[c]*=-1,r=m(i+x[i],I,j,J),y[c]*=-1,r));c+=y[c]);return i/I|c<J;}e(i,j){int J=j+y[j];for(;j<J&&(x[*x+i]-y[*y+j]|!m(i+1,i+x[i],j+1,j+y[j]));j++);return j<J;}g(){for(k=p;k&&*(o=P[--k])==v;)for(i=v+1;--i;)for(c=3;c--;)for(P=realloc(P,p+1<<3),P[p++]=t=realloc(0,v+1<<3),j=v+1;j--;)r=j-(j>i),t[j]=j-i?o[r]+(r<i&r+o[r]>=i):1,t[j-~v]=j-i?o[v+r]:c;v++;}f(d){int k=0;for(S=realloc(S,4*d+4),v>d+1||g(),M+=d>M;*P[k]<d+2;~q?:f(d+1),k++)for(S[d]=k,y=P[k],q=d;q--&&S[q]-k&&!(x=P[S[q]],e(0,0)););}main(){for(P=realloc(0,24);p<3;*P[p++]=1)(P[p]=realloc(0,8))[1]=p;f(0);printf("%d",M);}
      |                                                                                                                                                                                                                                                                                                                                                                                ~^~
c/rejected/11_no_abs_on_sibling_step.c:1:371: warning: ‘realloc’ argument 2 type is ‘int’ where ‘long unsigned int’ is expected in a call to built-in function declared without prototype [-Wbuiltin-declaration-mismatch]
    1 | void*realloc();int**P,*S,p,v=1,q,r,k,i,c,j,*o,*t,M,*x,*y;m(i,I,j,J){int c=j;for(;i<I&c<J&&(y[c]<1|!e(i,c)||!(y[c]*=-1,r=m(i+x[i],I,j,J),y[c]*=-1,r));c+=y[c]);return i/I|c<J;}e(i,j){int J=j+y[j];for(;j<J&&(x[*x+i]-y[*y+j]|!m(i+1,i+x[i],j+1,j+y[j]));j++);return j<J;}g(){for(k=p;k&&*(o=P[--k])==v;)for(i=v+1;--i;)for(c=3;c--;)for(P=realloc(P,p+1<<3),P[p++]=t=realloc(0,v+1<<3),j=v+1;j--;)r=j-(j>i),t[j]=j-i?o[r]+(r<i&r+o[r]>=i):1,t[j-~v]=j-i?o[v+r]:c;v++;}f(d){int k=0;for(S=realloc(S,4*d+4),v>d+1||g(),M+=d>M;*P[k]<d+2;~q?:f(d+1),k++)for(S[d]=k,y=P[k],q=d;q--&&S[q]-k&&!(x=P[S[q]],e(0,0)););}main(){for(P=realloc(0,24);p<3;*P[p++]=1)(P[p]=realloc(0,8))[1]=p;f(0);printf("%d",M);}
      |                                                                                                                                                                                                                                                                                                                                                                                ~~~^~~
c/rejected/11_no_abs_on_sibling_step.c:1:6: note: built-in ‘realloc’ declared here
    1 | void*realloc();int**P,*S,p,v=1,q,r,k,i,c,j,*o,*t,M,*x,*y;m(i,I,j,J){int c=j;for(;i<I&c<J&&(y[c]<1|!e(i,c)||!(y[c]*=-1,r=m(i+x[i],I,j,J),y[c]*=-1,r));c+=y[c]);return i/I|c<J;}e(i,j){int J=j+y[j];for(;j<J&&(x[*x+i]-y[*y+j]|!m(i+1,i+x[i],j+1,j+y[j]));j++);return j<J;}g(){for(k=p;k&&*(o=P[--k])==v;)for(i=v+1;--i;)for(c=3;c--;)for(P=realloc(P,p+1<<3),P[p++]=t=realloc(0,v+1<<3),j=v+1;j--;)r=j-(j>i),t[j]=j-i?o[r]+(r<i&r+o[r]>=i):1,t[j-~v]=j-i?o[v+r]:c;v++;}f(d){int k=0;for(S=realloc(S,4*d+4),v>d+1||g(),M+=d>M;*P[k]<d+2;~q?:f(d+1),k++)for(S[d]=k,y=P[k],q=d;q--&&S[q]-k&&!(x=P[S[q]],e(0,0)););}main(){for(P=realloc(0,24);p<3;*P[p++]=1)(P[p]=realloc(0,8))[1]=p;f(0);printf("%d",M);}
      |      ^~~~~~~
c/rejected/11_no_abs_on_sibling_step.c:1:413: warning: suggest parentheses around comparison in operand of ‘&’ [-Wparentheses]
    1 | void*realloc();int**P,*S,p,v=1,q,r,k,i,c,j,*o,*t,M,*x,*y;m(i,I,j,J){int c=j;for(;i<I&c<J&&(y[c]<1|!e(i,c)||!(y[c]*=-1,r=m(i+x[i],I,j,J),y[c]*=-1,r));c+=y[c]);return i/I|c<J;}e(i,j){int J=j+y[j];for(;j<J&&(x[*x+i]-y[*y+j]|!m(i+1,i+x[i],j+1,j+y[j]));j++);return j<J;}g(){for(k=p;k&&*(o=P[--k])==v;)for(i=v+1;--i;)for(c=3;c--;)for(P=realloc(P,p+1<<3),P[p++]=t=realloc(0,v+1<<3),j=v+1;j--;)r=j-(j>i),t[j]=j-i?o[r]+(r<i&r+o[r]>=i):1,t[j-~v]=j-i?o[v+r]:c;v++;}f(d){int k=0;for(S=realloc(S,4*d+4),v>d+1||g(),M+=d>M;*P[k]<d+2;~q?:f(d+1),k++)for(S[d]=k,y=P[k],q=d;q--&&S[q]-k&&!(x=P[S[q]],e(0,0)););}main(){for(P=realloc(0,24);p<3;*P[p++]=1)(P[p]=realloc(0,8))[1]=p;f(0);printf("%d",M);}
      |                                                                                                                                                                                                                                                                                                                                                                                                                            ~^~
c/rejected/11_no_abs_on_sibling_step.c: At top level:
c/rejected/11_no_abs_on_sibling_step.c:1:455: warning: return type defaults to ‘int’ [-Wimplicit-int]
    1 | void*realloc();int**P,*S,p,v=1,q,r,k,i,c,j,*o,*t,M,*x,*y;m(i,I,j,J){int c=j;for(;i<I&c<J&&(y[c]<1|!e(i,c)||!(y[c]*=-1,r=m(i+x[i],I,j,J),y[c]*=-1,r));c+=y[c]);return i/I|c<J;}e(i,j){int J=j+y[j];for(;j<J&&(x[*x+i]-y[*y+j]|!m(i+1,i+x[i],j+1,j+y[j]));j++);return j<J;}g(){for(k=p;k&&*(o=P[--k])==v;)for(i=v+1;--i;)for(c=3;c--;)for(P=realloc(P,p+1<<3),P[p++]=t=realloc(0,v+1<<3),j=v+1;j--;)r=j-(j>i),t[j]=j-i?o[r]+(r<i&r+o[r]>=i):1,t[j-~v]=j-i?o[v+r]:c;v++;}f(d){int k=0;for(S=realloc(S,4*d+4),v>d+1||g(),M+=d>M;*P[k]<d+2;~q?:f(d+1),k++)for(S[d]=k,y=P[k],q=d;q--&&S[q]-k&&!(x=P[S[q]],e(0,0)););}main(){for(P=realloc(0,24);p<3;*P[p++]=1)(P[p]=realloc(0,8))[1]=p;f(0);printf("%d",M);}
      |                                                                                                                                                                                                                                                                                                                                                                                                                                                                       ^
c/rejected/11_no_abs_on_sibling_step.c: In function ‘f’:
c/rejected/11_no_abs_on_sibling_step.c:1:455: warning: type of ‘d’ defaults to ‘int’ [-Wimplicit-int]
c/rejected/11_no_abs_on_sibling_step.c:1:487: warning: ‘realloc’ argument 2 type is ‘int’ where ‘long unsigned int’ is expected in a call to built-in function declared without prototype [-Wbuiltin-declaration-mismatch]
    1 | void*realloc();int**P,*S,p,v=1,q,r,k,i,c,j,*o,*t,M,*x,*y;m(i,I,j,J){int c=j;for(;i<I&c<J&&(y[c]<1|!e(i,c)||!(y[c]*=-1,r=m(i+x[i],I,j,J),y[c]*=-1,r));c+=y[c]);return i/I|c<J;}e(i,j){int J=j+y[j];for(;j<J&&(x[*x+i]-y[*y+j]|!m(i+1,i+x[i],j+1,j+y[j]));j++);return j<J;}g(){for(k=p;k&&*(o=P[--k])==v;)for(i=v+1;--i;)for(c=3;c--;)for(P=realloc(P,p+1<<3),P[p++]=t=realloc(0,v+1<<3),j=v+1;j--;)r=j-(j>i),t[j]=j-i?o[r]+(r<i&r+o[r]>=i):1,t[j-~v]=j-i?o[v+r]:c;v++;}f(d){int k=0;for(S=realloc(S,4*d+4),v>d+1||g(),M+=d>M;*P[k]<d+2;~q?:f(d+1),k++)for(S[d]=k,y=P[k],q=d;q--&&S[q]-k&&!(x=P[S[q]],e(0,0)););}main(){for(P=realloc(0,24);p<3;*P[p++]=1)(P[p]=realloc(0,8))[1]=p;f(0);printf("%d",M);}
      |                                                                                                                                                                                                                                                                                                                                                                                                                                                                                                    ~~~^~
c/rejected/11_no_abs_on_sibling_step.c:1:6: note: built-in ‘realloc’ declared here
    1 | void*realloc();int**P,*S,p,v=1,q,r,k,i,c,j,*o,*t,M,*x,*y;m(i,I,j,J){int c=j;for(;i<I&c<J&&(y[c]<1|!e(i,c)||!(y[c]*=-1,r=m(i+x[i],I,j,J),y[c]*=-1,r));c+=y[c]);return i/I|c<J;}e(i,j){int J=j+y[j];for(;j<J&&(x[*x+i]-y[*y+j]|!m(i+1,i+x[i],j+1,j+y[j]));j++);return j<J;}g(){for(k=p;k&&*(o=P[--k])==v;)for(i=v+1;--i;)for(c=3;c--;)for(P=realloc(P,p+1<<3),P[p++]=t=realloc(0,v+1<<3),j=v+1;j--;)r=j-(j>i),t[j]=j-i?o[r]+(r<i&r+o[r]>=i):1,t[j-~v]=j-i?o[v+r]:c;v++;}f(d){int k=0;for(S=realloc(S,4*d+4),v>d+1||g(),M+=d>M;*P[k]<d+2;~q?:f(d+1),k++)for(S[d]=k,y=P[k],q=d;q--&&S[q]-k&&!(x=P[S[q]],e(0,0)););}main(){for(P=realloc(0,24);p<3;*P[p++]=1)(P[p]=realloc(0,8))[1]=p;f(0);printf("%d",M);}
      |      ^~~~~~~
c/rejected/11_no_abs_on_sibling_step.c: At top level:
c/rejected/11_no_abs_on_sibling_step.c:1:592: warning: return type defaults to ‘int’ [-Wimplicit-int]
    1 | void*realloc();int**P,*S,p,v=1,q,r,k,i,c,j,*o,*t,M,*x,*y;m(i,I,j,J){int c=j;for(;i<I&c<J&&(y[c]<1|!e(i,c)||!(y[c]*=-1,r=m(i+x[i],I,j,J),y[c]*=-1,r));c+=y[c]);return i/I|c<J;}e(i,j){int J=j+y[j];for(;j<J&&(x[*x+i]-y[*y+j]|!m(i+1,i+x[i],j+1,j+y[j]));j++);return j<J;}g(){for(k=p;k&&*(o=P[--k])==v;)for(i=v+1;--i;)for(c=3;c--;)for(P=realloc(P,p+1<<3),P[p++]=t=realloc(0,v+1<<3),j=v+1;j--;)r=j-(j>i),t[j]=j-i?o[r]+(r<i&r+o[r]>=i):1,t[j-~v]=j-i?o[v+r]:c;v++;}f(d){int k=0;for(S=realloc(S,4*d+4),v>d+1||g(),M+=d>M;*P[k]<d+2;~q?:f(d+1),k++)for(S[d]=k,y=P[k],q=d;q--&&S[q]-k&&!(x=P[S[q]],e(0,0)););}main(){for(P=realloc(0,24);p<3;*P[p++]=1)(P[p]=realloc(0,8))[1]=p;f(0);printf("%d",M);}
      |                                                                                                                                                                                                                                                                                                                                                                                                                                                                                                                                                                                                                ^~~~
c/rejected/11_no_abs_on_sibling_step.c: In function ‘main’:
c/rejected/11_no_abs_on_sibling_step.c:1:615: warning: ‘realloc’ argument 2 type is ‘int’ where ‘long unsigned int’ is expected in a call to built-in function declared without prototype [-Wbuiltin-declaration-mismatch]
    1 | void*realloc();int**P,*S,p,v=1,q,r,k,i,c,j,*o,*t,M,*x,*y;m(i,I,j,J){int c=j;for(;i<I&c<J&&(y[c]<1|!e(i,c)||!(y[c]*=-1,r=m(i+x[i],I,j,J),y[c]*=-1,r));c+=y[c]);return i/I|c<J;}e(i,j){int J=j+y[j];for(;j<J&&(x[*x+i]-y[*y+j]|!m(i+1,i+x[i],j+1,j+y[j]));j++);return j<J;}g(){for(k=p;k&&*(o=P[--k])==v;)for(i=v+1;--i;)for(c=3;c--;)for(P=realloc(P,p+1<<3),P[p++]=t=realloc(0,v+1<<3),j=v+1;j--;)r=j-(j>i),t[j]=j-i?o[r]+(r<i&r+o[r]>=i):1,t[j-~v]=j-i?o[v+r]:c;v++;}f(d){int k=0;for(S=realloc(S,4*d+4),v>d+1||g(),M+=d>M;*P[k]<d+2;~q?:f(d+1),k++)for(S[d]=k,y=P[k],q=d;q--&&S[q]-k&&!(x=P[S[q]],e(0,0)););}main(){for(P=realloc(0,24);p<3;*P[p++]=1)(P[p]=realloc(0,8))[1]=p;f(0);printf("%d",M);}
      |                                                                                                                                                                                                                                                                                                                                                                                                                                                                                                                                                                                                                                       ^~
c/rejected/11_no_abs_on_sibling_step.c:1:6: note: built-in ‘realloc’ declared here
    1 | void*realloc();int**P,*S,p,v=1,q,r,k,i,c,j,*o,*t,M,*x,*y;m(i,I,j,J){int c=j;for(;i<I&c<J&&(y[c]<1|!e(i,c)||!(y[c]*=-1,r=m(i+x[i],I,j,J),y[c]*=-1,r));c+=y[c]);return i/I|c<J;}e(i,j){int J=j+y[j];for(;j<J&&(x[*x+i]-y[*y+j]|!m(i+1,i+x[i],j+1,j+y[j]));j++);return j<J;}g(){for(k=p;k&&*(o=P[--k])==v;)for(i=v+1;--i;)for(c=3;c--;)for(P=realloc(P,p+1<<3),P[p++]=t=realloc(0,v+1<<3),j=v+1;j--;)r=j-(j>i),t[j]=j-i?o[r]+(r<i&r+o[r]>=i):1,t[j-~v]=j-i?o[v+r]:c;v++;}f(d){int k=0;for(S=realloc(S,4*d+4),v>d+1||g(),M+=d>M;*P[k]<d+2;~q?:f(d+1),k++)for(S[d]=k,y=P[k],q=d;q--&&S[q]-k&&!(x=P[S[q]],e(0,0)););}main(){for(P=realloc(0,24);p<3;*P[p++]=1)(P[p]=realloc(0,8))[1]=p;f(0);printf("%d",M);}
      |      ^~~~~~~
c/rejected/11_no_abs_on_sibling_step.c:1:649: warning: ‘realloc’ argument 2 type is ‘int’ where ‘long unsigned int’ is expected in a call to built-in function declared without prototype [-Wbuiltin-declaration-mismatch]
    1 | void*realloc();int**P,*S,p,v=1,q,r,k,i,c,j,*o,*t,M,*x,*y;m(i,I,j,J){int c=j;for(;i<I&c<J&&(y[c]<1|!e(i,c)||!(y[c]*=-1,r=m(i+x[i],I,j,J),y[c]*=-1,r));c+=y[c]);return i/I|c<J;}e(i,j){int J=j+y[j];for(;j<J&&(x[*x+i]-y[*y+j]|!m(i+1,i+x[i],j+1,j+y[j]));j++);return j<J;}g(){for(k=p;k&&*(o=P[--k])==v;)for(i=v+1;--i;)for(c=3;c--;)for(P=realloc(P,p+1<<3),P[p++]=t=realloc(0,v+1<<3),j=v+1;j--;)r=j-(j>i),t[j]=j-i?o[r]+(r<i&r+o[r]>=i):1,t[j-~v]=j-i?o[v+r]:c;v++;}f(d){int k=0;for(S=realloc(S,4*d+4),v>d+1||g(),M+=d>M;*P[k]<d+2;~q?:f(d+1),k++)for(S[d]=k,y=P[k],q=d;q--&&S[q]-k&&!(x=P[S[q]],e(0,0)););}main(){for(P=realloc(0,24);p<3;*P[p++]=1)(P[p]=realloc(0,8))[1]=p;f(0);printf("%d",M);}
      |                                                                                                                                                                                                                                                                                                                                                                                                                                                                                                                                                                                                                                                                         ^
c/rejected/11_no_abs_on_sibling_step.c:1:6: note: built-in ‘realloc’ declared here
    1 | void*realloc();int**P,*S,p,v=1,q,r,k,i,c,j,*o,*t,M,*x,*y;m(i,I,j,J){int c=j;for(;i<I&c<J&&(y[c]<1|!e(i,c)||!(y[c]*=-1,r=m(i+x[i],I,j,J),y[c]*=-1,r));c+=y[c]);return i/I|c<J;}e(i,j){int J=j+y[j];for(;j<J&&(x[*x+i]-y[*y+j]|!m(i+1,i+x[i],j+1,j+y[j]));j++);return j<J;}g(){for(k=p;k&&*(o=P[--k])==v;)for(i=v+1;--i;)for(c=3;c--;)for(P=realloc(P,p+1<<3),P[p++]=t=realloc(0,v+1<<3),j=v+1;j--;)r=j-(j>i),t[j]=j-i?o[r]+(r<i&r+o[r]>=i):1,t[j-~v]=j-i?o[v+r]:c;v++;}f(d){int k=0;for(S=realloc(S,4*d+4),v>d+1||g(),M+=d>M;*P[k]<d+2;~q?:f(d+1),k++)for(S[d]=k,y=P[k],q=d;q--&&S[q]-k&&!(x=P[S[q]],e(0,0)););}main(){for(P=realloc(0,24);p<3;*P[p++]=1)(P[p]=realloc(0,8))[1]=p;f(0);printf("%d",M);}
      |      ^~~~~~~
c/rejected/11_no_abs_on_sibling_step.c:1:663: warning: implicit declaration of function ‘printf’ [-Wimplicit-function-declaration]
    1 | void*realloc();int**P,*S,p,v=1,q,r,k,i,c,j,*o,*t,M,*x,*y;m(i,I,j,J){int c=j;for(;i<I&c<J&&(y[c]<1|!e(i,c)||!(y[c]*=-1,r=m(i+x[i],I,j,J),y[c]*=-1,r));c+=y[c]);return i/I|c<J;}e(i,j){int J=j+y[j];for(;j<J&&(x[*x+i]-y[*y+j]|!m(i+1,i+x[i],j+1,j+y[j]));j++);return j<J;}g(){for(k=p;k&&*(o=P[--k])==v;)for(i=v+1;--i;)for(c=3;c--;)for(P=realloc(P,p+1<<3),P[p++]=t=realloc(0,v+1<<3),j=v+1;j--;)r=j-(j>i),t[j]=j-i?o[r]+(r<i&r+o[r]>=i):1,t[j-~v]=j-i?o[v+r]:c;v++;}f(d){int k=0;for(S=realloc(S,4*d+4),v>d+1||g(),M+=d>M;*P[k]<d+2;~q?:f(d+1),k++)for(S[d]=k,y=P[k],q=d;q--&&S[q]-k&&!(x=P[S[q]],e(0,0)););}main(){for(P=realloc(0,24);p<3;*P[p++]=1)(P[p]=realloc(0,8))[1]=p;f(0);printf("%d",M);}
      |                                                                                                                                                                                                                                                                                                                                                                                                                                                                                                                                                                                                                                                                                       ^~~~~~
c/rejected/11_no_abs_on_sibling_step.c:1:1: note: include ‘<stdio.h>’ or provide a declaration of ‘printf’
  +++ |+#include <stdio.h>
    1 | void*realloc();int**P,*S,p,v=1,q,r,k,i,c,j,*o,*t,M,*x,*y;m(i,I,j,J){int c=j;for(;i<I&c<J&&(y[c]<1|!e(i,c)||!(y[c]*=-1,r=m(i+x[i],I,j,J),y[c]*=-1,r));c+=y[c]);return i/I|c<J;}e(i,j){int J=j+y[j];for(;j<J&&(x[*x+i]-y[*y+j]|!m(i+1,i+x[i],j+1,j+y[j]));j++);return j<J;}g(){for(k=p;k&&*(o=P[--k])==v;)for(i=v+1;--i;)for(c=3;c--;)for(P=realloc(P,p+1<<3),P[p++]=t=realloc(0,v+1<<3),j=v+1;j--;)r=j-(j>i),t[j]=j-i?o[r]+(r<i&r+o[r]>=i):1,t[j-~v]=j-i?o[v+r]:c;v++;}f(d){int k=0;for(S=realloc(S,4*d+4),v>d+1||g(),M+=d>M;*P[k]<d+2;~q?:f(d+1),k++)for(S[d]=k,y=P[k],q=d;q--&&S[q]-k&&!(x=P[S[q]],e(0,0)););}main(){for(P=realloc(0,24);p<3;*P[p++]=1)(P[p]=realloc(0,8))[1]=p;f(0);printf("%d",M);}
c/rejected/11_no_abs_on_sibling_step.c:1:663: warning: incompatible implicit declaration of built-in function ‘printf’ [-Wbuiltin-declaration-mismatch]
    1 | void*realloc();int**P,*S,p,v=1,q,r,k,i,c,j,*o,*t,M,*x,*y;m(i,I,j,J){int c=j;for(;i<I&c<J&&(y[c]<1|!e(i,c)||!(y[c]*=-1,r=m(i+x[i],I,j,J),y[c]*=-1,r));c+=y[c]);return i/I|c<J;}e(i,j){int J=j+y[j];for(;j<J&&(x[*x+i]-y[*y+j]|!m(i+1,i+x[i],j+1,j+y[j]));j++);return j<J;}g(){for(k=p;k&&*(o=P[--k])==v;)for(i=v+1;--i;)for(c=3;c--;)for(P=realloc(P,p+1<<3),P[p++]=t=realloc(0,v+1<<3),j=v+1;j--;)r=j-(j>i),t[j]=j-i?o[r]+(r<i&r+o[r]>=i):1,t[j-~v]=j-i?o[v+r]:c;v++;}f(d){int k=0;for(S=realloc(S,4*d+4),v>d+1||g(),M+=d>M;*P[k]<d+2;~q?:f(d+1),k++)for(S[d]=k,y=P[k],q=d;q--&&S[q]-k&&!(x=P[S[q]],e(0,0)););}main(){for(P=realloc(0,24);p<3;*P[p++]=1)(P[p]=realloc(0,8))[1]=p;f(0);printf("%d",M);}
      |                                                                                                                                                                                                                                                                                                                                                                                                                                                                                                                                                                                                                                                                                       ^~~~~~
c/rejected/11_no_abs_on_sibling_step.c:1:663: note: include ‘<stdio.h>’ or provide a declaration of ‘printf’
c/rejected/11_no_abs_on_sibling_step.c: In function ‘g’:
c/rejected/11_no_abs_on_sibling_step.c:1:454: warning: control reaches end of non-void function [-Wreturn-type]
    1 | void*realloc();int**P,*S,p,v=1,q,r,k,i,c,j,*o,*t,M,*x,*y;m(i,I,j,J){int c=j;for(;i<I&c<J&&(y[c]<1|!e(i,c)||!(y[c]*=-1,r=m(i+x[i],I,j,J),y[c]*=-1,r));c+=y[c]);return i/I|c<J;}e(i,j){int J=j+y[j];for(;j<J&&(x[*x+i]-y[*y+j]|!m(i+1,i+x[i],j+1,j+y[j]));j++);return j<J;}g(){for(k=p;k&&*(o=P[--k])==v;)for(i=v+1;--i;)for(c=3;c--;)for(P=realloc(P,p+1<<3),P[p++]=t=realloc(0,v+1<<3),j=v+1;j--;)r=j-(j>i),t[j]=j-i?o[r]+(r<i&r+o[r]>=i):1,t[j-~v]=j-i?o[v+r]:c;v++;}f(d){int k=0;for(S=realloc(S,4*d+4),v>d+1||g(),M+=d>M;*P[k]<d+2;~q?:f(d+1),k++)for(S[d]=k,y=P[k],q=d;q--&&S[q]-k&&!(x=P[S[q]],e(0,0)););}main(){for(P=realloc(0,24);p<3;*P[p++]=1)(P[p]=realloc(0,8))[1]=p;f(0);printf("%d",M);}
      |                                                                                                                                                                                                                                                                                                                                                                                                                                                                      ^
c/rejected/11_no_abs_on_sibling_step.c: In function ‘f’:
c/rejected/11_no_abs_on_sibling_step.c:1:591: warning: control reaches end of non-void function [-Wreturn-type]
    1 | void*realloc();int**P,*S,p,v=1,q,r,k,i,c,j,*o,*t,M,*x,*y;m(i,I,j,J){int c=j;for(;i<I&c<J&&(y[c]<1|!e(i,c)||!(y[c]*=-1,r=m(i+x[i],I,j,J),y[c]*=-1,r));c+=y[c]);return i/I|c<J;}e(i,j){int J=j+y[j];for(;j<J&&(x[*x+i]-y[*y+j]|!m(i+1,i+x[i],j+1,j+y[j]));j++);return j<J;}g(){for(k=p;k&&*(o=P[--k])==v;)for(i=v+1;--i;)for(c=3;c--;)for(P=realloc(P,p+1<<3),P[p++]=t=realloc(0,v+1<<3),j=v+1;j--;)r=j-(j>i),t[j]=j-i?o[r]+(r<i&r+o[r]>=i):1,t[j-~v]=j-i?o[v+r]:c;v++;}f(d){int k=0;for(S=realloc(S,4*d+4),v>d+1||g(),M+=d>M;*P[k]<d+2;~q?:f(d+1),k++)for(S[d]=k,y=P[k],q=d;q--&&S[q]-k&&!(x=P[S[q]],e(0,0)););}main(){for(P=realloc(0,24);p<3;*P[p++]=1)(P[p]=realloc(0,8))[1]=p;f(0);printf("%d",M);}
      |                                                                                                                                                                                                                                                                                                                                                                                                                                                                                                                                                                                                               ^


plain run: rc=0
3

sanitizer run: rc=0
stdout: 3
stderr:


## 3,000-pair embedding test (sizes format, 20 s limit)
rc=124
answers produced before hanging: 3
mismatches among those: 0
