gcc -Wall:
c/rejected/03_q_loop_without_empty_body.c:2:1: warning: return type defaults to ‘int’ [-Wimplicit-int]
    2 | m(x,i,I,y,j,J,u)int*x,*y;char*u;{for(c=j;i<I&&c<J;c+=y[c])if(!u[c]&&e(x,i,y,c)&&(u[c]=m(x,i+x[i],I,y,j,J,(u[c]=1,u))))return 1;return i>=I;}
      | ^
c/rejected/03_q_loop_without_empty_body.c: In function ‘m’:
c/rejected/03_q_loop_without_empty_body.c:2:1: warning: type of ‘i’ defaults to ‘int’ [-Wimplicit-int]
c/rejected/03_q_loop_without_empty_body.c:2:1: warning: type of ‘I’ defaults to ‘int’ [-Wimplicit-int]
c/rejected/03_q_loop_without_empty_body.c:2:1: warning: type of ‘j’ defaults to ‘int’ [-Wimplicit-int]
c/rejected/03_q_loop_without_empty_body.c:2:1: warning: type of ‘J’ defaults to ‘int’ [-Wimplicit-int]
c/rejected/03_q_loop_without_empty_body.c: At top level:
c/rejected/03_q_loop_without_empty_body.c:3:1: warning: return type defaults to ‘int’ [-Wimplicit-int]
    3 | e(x,i,y,j)int*x,*y;{for(c=j+1;c<j+y[j];c+=y[c])if(e(x,i,y,c))return 1;char u[*y];memset(u,0,*y);return x[*x+i]==y[*y+j]&&m(x,i+1,i+x[i],y,j+1,j+y[j],u);}
      | ^
c/rejected/03_q_loop_without_empty_body.c: In function ‘e’:
c/rejected/03_q_loop_without_empty_body.c:3:1: warning: type of ‘i’ defaults to ‘int’ [-Wimplicit-int]
c/rejected/03_q_loop_without_empty_body.c:3:1: warning: type of ‘j’ defaults to ‘int’ [-Wimplicit-int]
c/rejected/03_q_loop_without_empty_body.c:3:82: warning: implicit declaration of function ‘memset’ [-Wimplicit-function-declaration]
    3 | e(x,i,y,j)int*x,*y;{for(c=j+1;c<j+y[j];c+=y[c])if(e(x,i,y,c))return 1;char u[*y];memset(u,0,*y);return x[*x+i]==y[*y+j]&&m(x,i+1,i+x[i],y,j+1,j+y[j],u);}
      |                                                                                  ^~~~~~
c/rejected/03_q_loop_without_empty_body.c:1:1: note: include ‘<string.h>’ or provide a declaration of ‘memset’
  +++ |+#include <string.h>
    1 | void*realloc();int**P,**S,p,v=1,e(),q,r,k,i,c,j,*o,*t,b;
c/rejected/03_q_loop_without_empty_body.c:3:82: warning: incompatible implicit declaration of built-in function ‘memset’ [-Wbuiltin-declaration-mismatch]
    3 | e(x,i,y,j)int*x,*y;{for(c=j+1;c<j+y[j];c+=y[c])if(e(x,i,y,c))return 1;char u[*y];memset(u,0,*y);return x[*x+i]==y[*y+j]&&m(x,i+1,i+x[i],y,j+1,j+y[j],u);}
      |                                                                                  ^~~~~~
c/rejected/03_q_loop_without_empty_body.c:3:82: note: include ‘<string.h>’ or provide a declaration of ‘memset’
c/rejected/03_q_loop_without_empty_body.c: At top level:
c/rejected/03_q_loop_without_empty_body.c:4:1: warning: return type defaults to ‘int’ [-Wimplicit-int]
    4 | g(){for(k=0;k<p;)if(*(o=P[k++])==v)for(i=v;i--;)for(c=3;c--;)for(q=i+o[i],t=realloc(0,8*v+8),j=v+1;j--;)r=j-(j>q),t[j]=j-q?o[r]+(r<=i&r+o[r]>i):1,t[v+1+j]=j-q?o[v+r]:c,P=realloc(P,8*p+8),P[p++]=t;v++;}
      | ^
c/rejected/03_q_loop_without_empty_body.c: In function ‘g’:
c/rejected/03_q_loop_without_empty_body.c:4:90: warning: ‘realloc’ argument 2 type is ‘int’ where ‘long unsigned int’ is expected in a call to built-in function declared without prototype [-Wbuiltin-declaration-mismatch]
    4 | g(){for(k=0;k<p;)if(*(o=P[k++])==v)for(i=v;i--;)for(c=3;c--;)for(q=i+o[i],t=realloc(0,8*v+8),j=v+1;j--;)r=j-(j>q),t[j]=j-q?o[r]+(r<=i&r+o[r]>i):1,t[v+1+j]=j-q?o[v+r]:c,P=realloc(P,8*p+8),P[p++]=t;v++;}
      |                                                                                       ~~~^~
c/rejected/03_q_loop_without_empty_body.c:1:6: note: built-in ‘realloc’ declared here
    1 | void*realloc();int**P,**S,p,v=1,e(),q,r,k,i,c,j,*o,*t,b;
      |      ^~~~~~~
c/rejected/03_q_loop_without_empty_body.c:4:131: warning: suggest parentheses around comparison in operand of ‘&’ [-Wparentheses]
    4 | g(){for(k=0;k<p;)if(*(o=P[k++])==v)for(i=v;i--;)for(c=3;c--;)for(q=i+o[i],t=realloc(0,8*v+8),j=v+1;j--;)r=j-(j>q),t[j]=j-q?o[r]+(r<=i&r+o[r]>i):1,t[v+1+j]=j-q?o[v+r]:c,P=realloc(P,8*p+8),P[p++]=t;v++;}
      |                                                                                                                                  ~^~~
c/rejected/03_q_loop_without_empty_body.c:4:184: warning: ‘realloc’ argument 2 type is ‘int’ where ‘long unsigned int’ is expected in a call to built-in function declared without prototype [-Wbuiltin-declaration-mismatch]
    4 | g(){for(k=0;k<p;)if(*(o=P[k++])==v)for(i=v;i--;)for(c=3;c--;)for(q=i+o[i],t=realloc(0,8*v+8),j=v+1;j--;)r=j-(j>q),t[j]=j-q?o[r]+(r<=i&r+o[r]>i):1,t[v+1+j]=j-q?o[v+r]:c,P=realloc(P,8*p+8),P[p++]=t;v++;}
      |                                                                                                                                                                                     ~~~^~
c/rejected/03_q_loop_without_empty_body.c:1:6: note: built-in ‘realloc’ declared here
    1 | void*realloc();int**P,**S,p,v=1,e(),q,r,k,i,c,j,*o,*t,b;
      |      ^~~~~~~
c/rejected/03_q_loop_without_empty_body.c: At top level:
c/rejected/03_q_loop_without_empty_body.c:5:1: warning: return type defaults to ‘int’ [-Wimplicit-int]
    5 | f(d){for(;v<=d;g());S=realloc(S,8*d+8);for(b=d,k=0;k<p&&*P[k]<d+2;k++)for(q=d;q--&&!e(S[q],0,P[k],0);)if(q<0&&(S[d]=P[k],r=f(d+1))>b)b=r;return b;}
      | ^
c/rejected/03_q_loop_without_empty_body.c: In function ‘f’:
c/rejected/03_q_loop_without_empty_body.c:5:1: warning: type of ‘d’ defaults to ‘int’ [-Wimplicit-int]
c/rejected/03_q_loop_without_empty_body.c:5:36: warning: ‘realloc’ argument 2 type is ‘int’ where ‘long unsigned int’ is expected in a call to built-in function declared without prototype [-Wbuiltin-declaration-mismatch]
    5 | f(d){for(;v<=d;g());S=realloc(S,8*d+8);for(b=d,k=0;k<p&&*P[k]<d+2;k++)for(q=d;q--&&!e(S[q],0,P[k],0);)if(q<0&&(S[d]=P[k],r=f(d+1))>b)b=r;return b;}
      |                                 ~~~^~
c/rejected/03_q_loop_without_empty_body.c:1:6: note: built-in ‘realloc’ declared here
    1 | void*realloc();int**P,**S,p,v=1,e(),q,r,k,i,c,j,*o,*t,b;
      |      ^~~~~~~
c/rejected/03_q_loop_without_empty_body.c: At top level:
c/rejected/03_q_loop_without_empty_body.c:6:1: warning: return type defaults to ‘int’ [-Wimplicit-int]
    6 | main(){for(;p<3;)P=realloc(P,8*p+8),(P[p]=realloc(0,8))[1]=p,*P[p++]=1;printf("%d",f(0));}
      | ^~~~
c/rejected/03_q_loop_without_empty_body.c: In function ‘main’:
c/rejected/03_q_loop_without_empty_body.c:6:33: warning: ‘realloc’ argument 2 type is ‘int’ where ‘long unsigned int’ is expected in a call to built-in function declared without prototype [-Wbuiltin-declaration-mismatch]
    6 | main(){for(;p<3;)P=realloc(P,8*p+8),(P[p]=realloc(0,8))[1]=p,*P[p++]=1;printf("%d",f(0));}
      |                              ~~~^~
c/rejected/03_q_loop_without_empty_body.c:1:6: note: built-in ‘realloc’ declared here
    1 | void*realloc();int**P,**S,p,v=1,e(),q,r,k,i,c,j,*o,*t,b;
      |      ^~~~~~~
c/rejected/03_q_loop_without_empty_body.c:6:53: warning: ‘realloc’ argument 2 type is ‘int’ where ‘long unsigned int’ is expected in a call to built-in function declared without prototype [-Wbuiltin-declaration-mismatch]
    6 | main(){for(;p<3;)P=realloc(P,8*p+8),(P[p]=realloc(0,8))[1]=p,*P[p++]=1;printf("%d",f(0));}
      |                                                     ^
c/rejected/03_q_loop_without_empty_body.c:1:6: note: built-in ‘realloc’ declared here
    1 | void*realloc();int**P,**S,p,v=1,e(),q,r,k,i,c,j,*o,*t,b;
      |      ^~~~~~~
c/rejected/03_q_loop_without_empty_body.c:6:72: warning: implicit declaration of function ‘printf’ [-Wimplicit-function-declaration]
    6 | main(){for(;p<3;)P=realloc(P,8*p+8),(P[p]=realloc(0,8))[1]=p,*P[p++]=1;printf("%d",f(0));}
      |                                                                        ^~~~~~
c/rejected/03_q_loop_without_empty_body.c:1:1: note: include ‘<stdio.h>’ or provide a declaration of ‘printf’
  +++ |+#include <stdio.h>
    1 | void*realloc();int**P,**S,p,v=1,e(),q,r,k,i,c,j,*o,*t,b;
c/rejected/03_q_loop_without_empty_body.c:6:72: warning: incompatible implicit declaration of built-in function ‘printf’ [-Wbuiltin-declaration-mismatch]
    6 | main(){for(;p<3;)P=realloc(P,8*p+8),(P[p]=realloc(0,8))[1]=p,*P[p++]=1;printf("%d",f(0));}
      |                                                                        ^~~~~~
c/rejected/03_q_loop_without_empty_body.c:6:72: note: include ‘<stdio.h>’ or provide a declaration of ‘printf’
c/rejected/03_q_loop_without_empty_body.c: In function ‘g’:
c/rejected/03_q_loop_without_empty_body.c:4:201: warning: control reaches end of non-void function [-Wreturn-type]
    4 | g(){for(k=0;k<p;)if(*(o=P[k++])==v)for(i=v;i--;)for(c=3;c--;)for(q=i+o[i],t=realloc(0,8*v+8),j=v+1;j--;)r=j-(j>q),t[j]=j-q?o[r]+(r<=i&r+o[r]>i):1,t[v+1+j]=j-q?o[v+r]:c,P=realloc(P,8*p+8),P[p++]=t;v++;}
      |                                                                                                                                                                                                         ^


plain run: rc=0
0

sanitizer run: rc=0
stdout: 0
stderr:

