gcc -Wall:
c/rejected/04_unparenthesised_abs_macro.c:2:56: warning: return type defaults to ‘int’ [-Wimplicit-int]
    2 | void*realloc();int**P,*S,p,v=1,e(),q,r,k,i,c,j,*o,*t,M;m(x,i,I,y,j,J)int*x,*y;{for(int c=j;i<I&c<J;c+=A(y[c]))if(y[c]>0&e(x,i,y,c)&&(y[c]=-y[c],r=m(x,i+A(x[i]),I,y,j,J),y[c]=-y[c],r))return 1;return i>=I;}e(x,i,y,j)int*x,*y;{for(int c=j+1;c<j+y[j];c+=y[c])if(e(x,i,y,c))return 1;return x[*x+i]==y[*y+j]&m(x,i+1,i+A(x[i]),y,j+1,j+y[j]);}g(){for(k=p;k&&*(o=P[--k])==v;)for(i=v;i--;)for(c=3;c--;)for(P=realloc(P,8*p+8),P[p++]=t=realloc(0,8*v+8),q=i+o[i],j=v+1;j--;)r=j-(j>q),t[j]=j-q?o[r]+(r<=i&r+o[r]>i):1,t[j-~v]=j-q?o[v+r]:c;v++;}f(d){int k=0;for(S=realloc(S,4*d+4),v>d||g(),M+=d>M;k<p&&*P[k]<d+2;~q?:f(d+1),k++)for(S[d]=k,q=d;q--&&!e(P[S[q]],0,P[k],0););}main(){for(;p<3;*P[p++]=1)P=realloc(P,8*p+8),(P[p]=realloc(0,8))[1]=p;f(0);printf("%d",M);}
      |                                                        ^
c/rejected/04_unparenthesised_abs_macro.c: In function ‘m’:
c/rejected/04_unparenthesised_abs_macro.c:2:56: warning: type of ‘i’ defaults to ‘int’ [-Wimplicit-int]
c/rejected/04_unparenthesised_abs_macro.c:2:56: warning: type of ‘I’ defaults to ‘int’ [-Wimplicit-int]
c/rejected/04_unparenthesised_abs_macro.c:2:56: warning: type of ‘j’ defaults to ‘int’ [-Wimplicit-int]
c/rejected/04_unparenthesised_abs_macro.c:2:56: warning: type of ‘J’ defaults to ‘int’ [-Wimplicit-int]
c/rejected/04_unparenthesised_abs_macro.c:2:93: warning: suggest parentheses around comparison in operand of ‘&’ [-Wparentheses]
    2 | void*realloc();int**P,*S,p,v=1,e(),q,r,k,i,c,j,*o,*t,M;m(x,i,I,y,j,J)int*x,*y;{for(int c=j;i<I&c<J;c+=A(y[c]))if(y[c]>0&e(x,i,y,c)&&(y[c]=-y[c],r=m(x,i+A(x[i]),I,y,j,J),y[c]=-y[c],r))return 1;return i>=I;}e(x,i,y,j)int*x,*y;{for(int c=j+1;c<j+y[j];c+=y[c])if(e(x,i,y,c))return 1;return x[*x+i]==y[*y+j]&m(x,i+1,i+A(x[i]),y,j+1,j+y[j]);}g(){for(k=p;k&&*(o=P[--k])==v;)for(i=v;i--;)for(c=3;c--;)for(P=realloc(P,8*p+8),P[p++]=t=realloc(0,8*v+8),q=i+o[i],j=v+1;j--;)r=j-(j>q),t[j]=j-q?o[r]+(r<=i&r+o[r]>i):1,t[j-~v]=j-q?o[v+r]:c;v++;}f(d){int k=0;for(S=realloc(S,4*d+4),v>d||g(),M+=d>M;k<p&&*P[k]<d+2;~q?:f(d+1),k++)for(S[d]=k,q=d;q--&&!e(P[S[q]],0,P[k],0););}main(){for(;p<3;*P[p++]=1)P=realloc(P,8*p+8),(P[p]=realloc(0,8))[1]=p;f(0);printf("%d",M);}
      |                                                                                            ~^~
c/rejected/04_unparenthesised_abs_macro.c:2:118: warning: suggest parentheses around comparison in operand of ‘&’ [-Wparentheses]
    2 | void*realloc();int**P,*S,p,v=1,e(),q,r,k,i,c,j,*o,*t,M;m(x,i,I,y,j,J)int*x,*y;{for(int c=j;i<I&c<J;c+=A(y[c]))if(y[c]>0&e(x,i,y,c)&&(y[c]=-y[c],r=m(x,i+A(x[i]),I,y,j,J),y[c]=-y[c],r))return 1;return i>=I;}e(x,i,y,j)int*x,*y;{for(int c=j+1;c<j+y[j];c+=y[c])if(e(x,i,y,c))return 1;return x[*x+i]==y[*y+j]&m(x,i+1,i+A(x[i]),y,j+1,j+y[j]);}g(){for(k=p;k&&*(o=P[--k])==v;)for(i=v;i--;)for(c=3;c--;)for(P=realloc(P,8*p+8),P[p++]=t=realloc(0,8*v+8),q=i+o[i],j=v+1;j--;)r=j-(j>q),t[j]=j-q?o[r]+(r<=i&r+o[r]>i):1,t[j-~v]=j-q?o[v+r]:c;v++;}f(d){int k=0;for(S=realloc(S,4*d+4),v>d||g(),M+=d>M;k<p&&*P[k]<d+2;~q?:f(d+1),k++)for(S[d]=k,q=d;q--&&!e(P[S[q]],0,P[k],0););}main(){for(;p<3;*P[p++]=1)P=realloc(P,8*p+8),(P[p]=realloc(0,8))[1]=p;f(0);printf("%d",M);}
      |                                                                                                                  ~~~~^~
c/rejected/04_unparenthesised_abs_macro.c: At top level:
c/rejected/04_unparenthesised_abs_macro.c:2:206: warning: return type defaults to ‘int’ [-Wimplicit-int]
    2 | void*realloc();int**P,*S,p,v=1,e(),q,r,k,i,c,j,*o,*t,M;m(x,i,I,y,j,J)int*x,*y;{for(int c=j;i<I&c<J;c+=A(y[c]))if(y[c]>0&e(x,i,y,c)&&(y[c]=-y[c],r=m(x,i+A(x[i]),I,y,j,J),y[c]=-y[c],r))return 1;return i>=I;}e(x,i,y,j)int*x,*y;{for(int c=j+1;c<j+y[j];c+=y[c])if(e(x,i,y,c))return 1;return x[*x+i]==y[*y+j]&m(x,i+1,i+A(x[i]),y,j+1,j+y[j]);}g(){for(k=p;k&&*(o=P[--k])==v;)for(i=v;i--;)for(c=3;c--;)for(P=realloc(P,8*p+8),P[p++]=t=realloc(0,8*v+8),q=i+o[i],j=v+1;j--;)r=j-(j>q),t[j]=j-q?o[r]+(r<=i&r+o[r]>i):1,t[j-~v]=j-q?o[v+r]:c;v++;}f(d){int k=0;for(S=realloc(S,4*d+4),v>d||g(),M+=d>M;k<p&&*P[k]<d+2;~q?:f(d+1),k++)for(S[d]=k,q=d;q--&&!e(P[S[q]],0,P[k],0););}main(){for(;p<3;*P[p++]=1)P=realloc(P,8*p+8),(P[p]=realloc(0,8))[1]=p;f(0);printf("%d",M);}
      |                                                                                                                                                                                                              ^
c/rejected/04_unparenthesised_abs_macro.c: In function ‘e’:
c/rejected/04_unparenthesised_abs_macro.c:2:206: warning: type of ‘i’ defaults to ‘int’ [-Wimplicit-int]
c/rejected/04_unparenthesised_abs_macro.c:2:206: warning: type of ‘j’ defaults to ‘int’ [-Wimplicit-int]
c/rejected/04_unparenthesised_abs_macro.c:2:294: warning: suggest parentheses around comparison in operand of ‘&’ [-Wparentheses]
    2 | void*realloc();int**P,*S,p,v=1,e(),q,r,k,i,c,j,*o,*t,M;m(x,i,I,y,j,J)int*x,*y;{for(int c=j;i<I&c<J;c+=A(y[c]))if(y[c]>0&e(x,i,y,c)&&(y[c]=-y[c],r=m(x,i+A(x[i]),I,y,j,J),y[c]=-y[c],r))return 1;return i>=I;}e(x,i,y,j)int*x,*y;{for(int c=j+1;c<j+y[j];c+=y[c])if(e(x,i,y,c))return 1;return x[*x+i]==y[*y+j]&m(x,i+1,i+A(x[i]),y,j+1,j+y[j]);}g(){for(k=p;k&&*(o=P[--k])==v;)for(i=v;i--;)for(c=3;c--;)for(P=realloc(P,8*p+8),P[p++]=t=realloc(0,8*v+8),q=i+o[i],j=v+1;j--;)r=j-(j>q),t[j]=j-q?o[r]+(r<=i&r+o[r]>i):1,t[j-~v]=j-q?o[v+r]:c;v++;}f(d){int k=0;for(S=realloc(S,4*d+4),v>d||g(),M+=d>M;k<p&&*P[k]<d+2;~q?:f(d+1),k++)for(S[d]=k,q=d;q--&&!e(P[S[q]],0,P[k],0););}main(){for(;p<3;*P[p++]=1)P=realloc(P,8*p+8),(P[p]=realloc(0,8))[1]=p;f(0);printf("%d",M);}
      |                                                                                                                                                                                                                                                                                               ~~~~~~~^~~~~~~~~
c/rejected/04_unparenthesised_abs_macro.c: At top level:
c/rejected/04_unparenthesised_abs_macro.c:2:337: warning: return type defaults to ‘int’ [-Wimplicit-int]
    2 | void*realloc();int**P,*S,p,v=1,e(),q,r,k,i,c,j,*o,*t,M;m(x,i,I,y,j,J)int*x,*y;{for(int c=j;i<I&c<J;c+=A(y[c]))if(y[c]>0&e(x,i,y,c)&&(y[c]=-y[c],r=m(x,i+A(x[i]),I,y,j,J),y[c]=-y[c],r))return 1;return i>=I;}e(x,i,y,j)int*x,*y;{for(int c=j+1;c<j+y[j];c+=y[c])if(e(x,i,y,c))return 1;return x[*x+i]==y[*y+j]&m(x,i+1,i+A(x[i]),y,j+1,j+y[j]);}g(){for(k=p;k&&*(o=P[--k])==v;)for(i=v;i--;)for(c=3;c--;)for(P=realloc(P,8*p+8),P[p++]=t=realloc(0,8*v+8),q=i+o[i],j=v+1;j--;)r=j-(j>q),t[j]=j-q?o[r]+(r<=i&r+o[r]>i):1,t[j-~v]=j-q?o[v+r]:c;v++;}f(d){int k=0;for(S=realloc(S,4*d+4),v>d||g(),M+=d>M;k<p&&*P[k]<d+2;~q?:f(d+1),k++)for(S[d]=k,q=d;q--&&!e(P[S[q]],0,P[k],0););}main(){for(;p<3;*P[p++]=1)P=realloc(P,8*p+8),(P[p]=realloc(0,8))[1]=p;f(0);printf("%d",M);}
      |                                                                                                                                                                                                                                                                                                                                                 ^
c/rejected/04_unparenthesised_abs_macro.c: In function ‘g’:
c/rejected/04_unparenthesised_abs_macro.c:2:413: warning: ‘realloc’ argument 2 type is ‘int’ where ‘long unsigned int’ is expected in a call to built-in function declared without prototype [-Wbuiltin-declaration-mismatch]
    2 | void*realloc();int**P,*S,p,v=1,e(),q,r,k,i,c,j,*o,*t,M;m(x,i,I,y,j,J)int*x,*y;{for(int c=j;i<I&c<J;c+=A(y[c]))if(y[c]>0&e(x,i,y,c)&&(y[c]=-y[c],r=m(x,i+A(x[i]),I,y,j,J),y[c]=-y[c],r))return 1;return i>=I;}e(x,i,y,j)int*x,*y;{for(int c=j+1;c<j+y[j];c+=y[c])if(e(x,i,y,c))return 1;return x[*x+i]==y[*y+j]&m(x,i+1,i+A(x[i]),y,j+1,j+y[j]);}g(){for(k=p;k&&*(o=P[--k])==v;)for(i=v;i--;)for(c=3;c--;)for(P=realloc(P,8*p+8),P[p++]=t=realloc(0,8*v+8),q=i+o[i],j=v+1;j--;)r=j-(j>q),t[j]=j-q?o[r]+(r<=i&r+o[r]>i):1,t[j-~v]=j-q?o[v+r]:c;v++;}f(d){int k=0;for(S=realloc(S,4*d+4),v>d||g(),M+=d>M;k<p&&*P[k]<d+2;~q?:f(d+1),k++)for(S[d]=k,q=d;q--&&!e(P[S[q]],0,P[k],0););}main(){for(;p<3;*P[p++]=1)P=realloc(P,8*p+8),(P[p]=realloc(0,8))[1]=p;f(0);printf("%d",M);}
      |                                                                                                                                                                                                                                                                                                                                                                                                                          ~~~^~
c/rejected/04_unparenthesised_abs_macro.c:2:6: note: built-in ‘realloc’ declared here
    2 | void*realloc();int**P,*S,p,v=1,e(),q,r,k,i,c,j,*o,*t,M;m(x,i,I,y,j,J)int*x,*y;{for(int c=j;i<I&c<J;c+=A(y[c]))if(y[c]>0&e(x,i,y,c)&&(y[c]=-y[c],r=m(x,i+A(x[i]),I,y,j,J),y[c]=-y[c],r))return 1;return i>=I;}e(x,i,y,j)int*x,*y;{for(int c=j+1;c<j+y[j];c+=y[c])if(e(x,i,y,c))return 1;return x[*x+i]==y[*y+j]&m(x,i+1,i+A(x[i]),y,j+1,j+y[j]);}g(){for(k=p;k&&*(o=P[--k])==v;)for(i=v;i--;)for(c=3;c--;)for(P=realloc(P,8*p+8),P[p++]=t=realloc(0,8*v+8),q=i+o[i],j=v+1;j--;)r=j-(j>q),t[j]=j-q?o[r]+(r<=i&r+o[r]>i):1,t[j-~v]=j-q?o[v+r]:c;v++;}f(d){int k=0;for(S=realloc(S,4*d+4),v>d||g(),M+=d>M;k<p&&*P[k]<d+2;~q?:f(d+1),k++)for(S[d]=k,q=d;q--&&!e(P[S[q]],0,P[k],0););}main(){for(;p<3;*P[p++]=1)P=realloc(P,8*p+8),(P[p]=realloc(0,8))[1]=p;f(0);printf("%d",M);}
      |      ^~~~~~~
c/rejected/04_unparenthesised_abs_macro.c:2:439: warning: ‘realloc’ argument 2 type is ‘int’ where ‘long unsigned int’ is expected in a call to built-in function declared without prototype [-Wbuiltin-declaration-mismatch]
    2 | void*realloc();int**P,*S,p,v=1,e(),q,r,k,i,c,j,*o,*t,M;m(x,i,I,y,j,J)int*x,*y;{for(int c=j;i<I&c<J;c+=A(y[c]))if(y[c]>0&e(x,i,y,c)&&(y[c]=-y[c],r=m(x,i+A(x[i]),I,y,j,J),y[c]=-y[c],r))return 1;return i>=I;}e(x,i,y,j)int*x,*y;{for(int c=j+1;c<j+y[j];c+=y[c])if(e(x,i,y,c))return 1;return x[*x+i]==y[*y+j]&m(x,i+1,i+A(x[i]),y,j+1,j+y[j]);}g(){for(k=p;k&&*(o=P[--k])==v;)for(i=v;i--;)for(c=3;c--;)for(P=realloc(P,8*p+8),P[p++]=t=realloc(0,8*v+8),q=i+o[i],j=v+1;j--;)r=j-(j>q),t[j]=j-q?o[r]+(r<=i&r+o[r]>i):1,t[j-~v]=j-q?o[v+r]:c;v++;}f(d){int k=0;for(S=realloc(S,4*d+4),v>d||g(),M+=d>M;k<p&&*P[k]<d+2;~q?:f(d+1),k++)for(S[d]=k,q=d;q--&&!e(P[S[q]],0,P[k],0););}main(){for(;p<3;*P[p++]=1)P=realloc(P,8*p+8),(P[p]=realloc(0,8))[1]=p;f(0);printf("%d",M);}
      |                                                                                                                                                                                                                                                                                                                                                                                                                                                    ~~~^~
c/rejected/04_unparenthesised_abs_macro.c:2:6: note: built-in ‘realloc’ declared here
    2 | void*realloc();int**P,*S,p,v=1,e(),q,r,k,i,c,j,*o,*t,M;m(x,i,I,y,j,J)int*x,*y;{for(int c=j;i<I&c<J;c+=A(y[c]))if(y[c]>0&e(x,i,y,c)&&(y[c]=-y[c],r=m(x,i+A(x[i]),I,y,j,J),y[c]=-y[c],r))return 1;return i>=I;}e(x,i,y,j)int*x,*y;{for(int c=j+1;c<j+y[j];c+=y[c])if(e(x,i,y,c))return 1;return x[*x+i]==y[*y+j]&m(x,i+1,i+A(x[i]),y,j+1,j+y[j]);}g(){for(k=p;k&&*(o=P[--k])==v;)for(i=v;i--;)for(c=3;c--;)for(P=realloc(P,8*p+8),P[p++]=t=realloc(0,8*v+8),q=i+o[i],j=v+1;j--;)r=j-(j>q),t[j]=j-q?o[r]+(r<=i&r+o[r]>i):1,t[j-~v]=j-q?o[v+r]:c;v++;}f(d){int k=0;for(S=realloc(S,4*d+4),v>d||g(),M+=d>M;k<p&&*P[k]<d+2;~q?:f(d+1),k++)for(S[d]=k,q=d;q--&&!e(P[S[q]],0,P[k],0););}main(){for(;p<3;*P[p++]=1)P=realloc(P,8*p+8),(P[p]=realloc(0,8))[1]=p;f(0);printf("%d",M);}
      |      ^~~~~~~
c/rejected/04_unparenthesised_abs_macro.c:2:489: warning: suggest parentheses around comparison in operand of ‘&’ [-Wparentheses]
    2 | void*realloc();int**P,*S,p,v=1,e(),q,r,k,i,c,j,*o,*t,M;m(x,i,I,y,j,J)int*x,*y;{for(int c=j;i<I&c<J;c+=A(y[c]))if(y[c]>0&e(x,i,y,c)&&(y[c]=-y[c],r=m(x,i+A(x[i]),I,y,j,J),y[c]=-y[c],r))return 1;return i>=I;}e(x,i,y,j)int*x,*y;{for(int c=j+1;c<j+y[j];c+=y[c])if(e(x,i,y,c))return 1;return x[*x+i]==y[*y+j]&m(x,i+1,i+A(x[i]),y,j+1,j+y[j]);}g(){for(k=p;k&&*(o=P[--k])==v;)for(i=v;i--;)for(c=3;c--;)for(P=realloc(P,8*p+8),P[p++]=t=realloc(0,8*v+8),q=i+o[i],j=v+1;j--;)r=j-(j>q),t[j]=j-q?o[r]+(r<=i&r+o[r]>i):1,t[j-~v]=j-q?o[v+r]:c;v++;}f(d){int k=0;for(S=realloc(S,4*d+4),v>d||g(),M+=d>M;k<p&&*P[k]<d+2;~q?:f(d+1),k++)for(S[d]=k,q=d;q--&&!e(P[S[q]],0,P[k],0););}main(){for(;p<3;*P[p++]=1)P=realloc(P,8*p+8),(P[p]=realloc(0,8))[1]=p;f(0);printf("%d",M);}
      |                                                                                                                                                                                                                                                                                                                                                                                                                                                                                                        ~^~~
c/rejected/04_unparenthesised_abs_macro.c: At top level:
c/rejected/04_unparenthesised_abs_macro.c:2:531: warning: return type defaults to ‘int’ [-Wimplicit-int]
    2 | void*realloc();int**P,*S,p,v=1,e(),q,r,k,i,c,j,*o,*t,M;m(x,i,I,y,j,J)int*x,*y;{for(int c=j;i<I&c<J;c+=A(y[c]))if(y[c]>0&e(x,i,y,c)&&(y[c]=-y[c],r=m(x,i+A(x[i]),I,y,j,J),y[c]=-y[c],r))return 1;return i>=I;}e(x,i,y,j)int*x,*y;{for(int c=j+1;c<j+y[j];c+=y[c])if(e(x,i,y,c))return 1;return x[*x+i]==y[*y+j]&m(x,i+1,i+A(x[i]),y,j+1,j+y[j]);}g(){for(k=p;k&&*(o=P[--k])==v;)for(i=v;i--;)for(c=3;c--;)for(P=realloc(P,8*p+8),P[p++]=t=realloc(0,8*v+8),q=i+o[i],j=v+1;j--;)r=j-(j>q),t[j]=j-q?o[r]+(r<=i&r+o[r]>i):1,t[j-~v]=j-q?o[v+r]:c;v++;}f(d){int k=0;for(S=realloc(S,4*d+4),v>d||g(),M+=d>M;k<p&&*P[k]<d+2;~q?:f(d+1),k++)for(S[d]=k,q=d;q--&&!e(P[S[q]],0,P[k],0););}main(){for(;p<3;*P[p++]=1)P=realloc(P,8*p+8),(P[p]=realloc(0,8))[1]=p;f(0);printf("%d",M);}
      |                                                                                                                                                                                                                                                                                                                                                                                                                                                                                                                                                   ^
c/rejected/04_unparenthesised_abs_macro.c: In function ‘f’:
c/rejected/04_unparenthesised_abs_macro.c:2:531: warning: type of ‘d’ defaults to ‘int’ [-Wimplicit-int]
c/rejected/04_unparenthesised_abs_macro.c:2:563: warning: ‘realloc’ argument 2 type is ‘int’ where ‘long unsigned int’ is expected in a call to built-in function declared without prototype [-Wbuiltin-declaration-mismatch]
    2 | void*realloc();int**P,*S,p,v=1,e(),q,r,k,i,c,j,*o,*t,M;m(x,i,I,y,j,J)int*x,*y;{for(int c=j;i<I&c<J;c+=A(y[c]))if(y[c]>0&e(x,i,y,c)&&(y[c]=-y[c],r=m(x,i+A(x[i]),I,y,j,J),y[c]=-y[c],r))return 1;return i>=I;}e(x,i,y,j)int*x,*y;{for(int c=j+1;c<j+y[j];c+=y[c])if(e(x,i,y,c))return 1;return x[*x+i]==y[*y+j]&m(x,i+1,i+A(x[i]),y,j+1,j+y[j]);}g(){for(k=p;k&&*(o=P[--k])==v;)for(i=v;i--;)for(c=3;c--;)for(P=realloc(P,8*p+8),P[p++]=t=realloc(0,8*v+8),q=i+o[i],j=v+1;j--;)r=j-(j>q),t[j]=j-q?o[r]+(r<=i&r+o[r]>i):1,t[j-~v]=j-q?o[v+r]:c;v++;}f(d){int k=0;for(S=realloc(S,4*d+4),v>d||g(),M+=d>M;k<p&&*P[k]<d+2;~q?:f(d+1),k++)for(S[d]=k,q=d;q--&&!e(P[S[q]],0,P[k],0););}main(){for(;p<3;*P[p++]=1)P=realloc(P,8*p+8),(P[p]=realloc(0,8))[1]=p;f(0);printf("%d",M);}
      |                                                                                                                                                                                                                                                                                                                                                                                                                                                                                                                                                                                ~~~^~
c/rejected/04_unparenthesised_abs_macro.c:2:6: note: built-in ‘realloc’ declared here
    2 | void*realloc();int**P,*S,p,v=1,e(),q,r,k,i,c,j,*o,*t,M;m(x,i,I,y,j,J)int*x,*y;{for(int c=j;i<I&c<J;c+=A(y[c]))if(y[c]>0&e(x,i,y,c)&&(y[c]=-y[c],r=m(x,i+A(x[i]),I,y,j,J),y[c]=-y[c],r))return 1;return i>=I;}e(x,i,y,j)int*x,*y;{for(int c=j+1;c<j+y[j];c+=y[c])if(e(x,i,y,c))return 1;return x[*x+i]==y[*y+j]&m(x,i+1,i+A(x[i]),y,j+1,j+y[j]);}g(){for(k=p;k&&*(o=P[--k])==v;)for(i=v;i--;)for(c=3;c--;)for(P=realloc(P,8*p+8),P[p++]=t=realloc(0,8*v+8),q=i+o[i],j=v+1;j--;)r=j-(j>q),t[j]=j-q?o[r]+(r<=i&r+o[r]>i):1,t[j-~v]=j-q?o[v+r]:c;v++;}f(d){int k=0;for(S=realloc(S,4*d+4),v>d||g(),M+=d>M;k<p&&*P[k]<d+2;~q?:f(d+1),k++)for(S[d]=k,q=d;q--&&!e(P[S[q]],0,P[k],0););}main(){for(;p<3;*P[p++]=1)P=realloc(P,8*p+8),(P[p]=realloc(0,8))[1]=p;f(0);printf("%d",M);}
      |      ^~~~~~~
c/rejected/04_unparenthesised_abs_macro.c: At top level:
c/rejected/04_unparenthesised_abs_macro.c:2:657: warning: return type defaults to ‘int’ [-Wimplicit-int]
    2 | void*realloc();int**P,*S,p,v=1,e(),q,r,k,i,c,j,*o,*t,M;m(x,i,I,y,j,J)int*x,*y;{for(int c=j;i<I&c<J;c+=A(y[c]))if(y[c]>0&e(x,i,y,c)&&(y[c]=-y[c],r=m(x,i+A(x[i]),I,y,j,J),y[c]=-y[c],r))return 1;return i>=I;}e(x,i,y,j)int*x,*y;{for(int c=j+1;c<j+y[j];c+=y[c])if(e(x,i,y,c))return 1;return x[*x+i]==y[*y+j]&m(x,i+1,i+A(x[i]),y,j+1,j+y[j]);}g(){for(k=p;k&&*(o=P[--k])==v;)for(i=v;i--;)for(c=3;c--;)for(P=realloc(P,8*p+8),P[p++]=t=realloc(0,8*v+8),q=i+o[i],j=v+1;j--;)r=j-(j>q),t[j]=j-q?o[r]+(r<=i&r+o[r]>i):1,t[j-~v]=j-q?o[v+r]:c;v++;}f(d){int k=0;for(S=realloc(S,4*d+4),v>d||g(),M+=d>M;k<p&&*P[k]<d+2;~q?:f(d+1),k++)for(S[d]=k,q=d;q--&&!e(P[S[q]],0,P[k],0););}main(){for(;p<3;*P[p++]=1)P=realloc(P,8*p+8),(P[p]=realloc(0,8))[1]=p;f(0);printf("%d",M);}
      |                                                                                                                                                                                                                                                                                                                                                                                                                                                                                                                                                                                                                                                                                 ^~~~
c/rejected/04_unparenthesised_abs_macro.c: In function ‘main’:
c/rejected/04_unparenthesised_abs_macro.c:2:698: warning: ‘realloc’ argument 2 type is ‘int’ where ‘long unsigned int’ is expected in a call to built-in function declared without prototype [-Wbuiltin-declaration-mismatch]
    2 | void*realloc();int**P,*S,p,v=1,e(),q,r,k,i,c,j,*o,*t,M;m(x,i,I,y,j,J)int*x,*y;{for(int c=j;i<I&c<J;c+=A(y[c]))if(y[c]>0&e(x,i,y,c)&&(y[c]=-y[c],r=m(x,i+A(x[i]),I,y,j,J),y[c]=-y[c],r))return 1;return i>=I;}e(x,i,y,j)int*x,*y;{for(int c=j+1;c<j+y[j];c+=y[c])if(e(x,i,y,c))return 1;return x[*x+i]==y[*y+j]&m(x,i+1,i+A(x[i]),y,j+1,j+y[j]);}g(){for(k=p;k&&*(o=P[--k])==v;)for(i=v;i--;)for(c=3;c--;)for(P=realloc(P,8*p+8),P[p++]=t=realloc(0,8*v+8),q=i+o[i],j=v+1;j--;)r=j-(j>q),t[j]=j-q?o[r]+(r<=i&r+o[r]>i):1,t[j-~v]=j-q?o[v+r]:c;v++;}f(d){int k=0;for(S=realloc(S,4*d+4),v>d||g(),M+=d>M;k<p&&*P[k]<d+2;~q?:f(d+1),k++)for(S[d]=k,q=d;q--&&!e(P[S[q]],0,P[k],0););}main(){for(;p<3;*P[p++]=1)P=realloc(P,8*p+8),(P[p]=realloc(0,8))[1]=p;f(0);printf("%d",M);}
      |                                                                                                                                                                                                                                                                                                                                                                                                                                                                                                                                                                                                                                                                                                                       ~~~^~
c/rejected/04_unparenthesised_abs_macro.c:2:6: note: built-in ‘realloc’ declared here
    2 | void*realloc();int**P,*S,p,v=1,e(),q,r,k,i,c,j,*o,*t,M;m(x,i,I,y,j,J)int*x,*y;{for(int c=j;i<I&c<J;c+=A(y[c]))if(y[c]>0&e(x,i,y,c)&&(y[c]=-y[c],r=m(x,i+A(x[i]),I,y,j,J),y[c]=-y[c],r))return 1;return i>=I;}e(x,i,y,j)int*x,*y;{for(int c=j+1;c<j+y[j];c+=y[c])if(e(x,i,y,c))return 1;return x[*x+i]==y[*y+j]&m(x,i+1,i+A(x[i]),y,j+1,j+y[j]);}g(){for(k=p;k&&*(o=P[--k])==v;)for(i=v;i--;)for(c=3;c--;)for(P=realloc(P,8*p+8),P[p++]=t=realloc(0,8*v+8),q=i+o[i],j=v+1;j--;)r=j-(j>q),t[j]=j-q?o[r]+(r<=i&r+o[r]>i):1,t[j-~v]=j-q?o[v+r]:c;v++;}f(d){int k=0;for(S=realloc(S,4*d+4),v>d||g(),M+=d>M;k<p&&*P[k]<d+2;~q?:f(d+1),k++)for(S[d]=k,q=d;q--&&!e(P[S[q]],0,P[k],0););}main(){for(;p<3;*P[p++]=1)P=realloc(P,8*p+8),(P[p]=realloc(0,8))[1]=p;f(0);printf("%d",M);}
      |      ^~~~~~~
c/rejected/04_unparenthesised_abs_macro.c:2:718: warning: ‘realloc’ argument 2 type is ‘int’ where ‘long unsigned int’ is expected in a call to built-in function declared without prototype [-Wbuiltin-declaration-mismatch]
    2 | void*realloc();int**P,*S,p,v=1,e(),q,r,k,i,c,j,*o,*t,M;m(x,i,I,y,j,J)int*x,*y;{for(int c=j;i<I&c<J;c+=A(y[c]))if(y[c]>0&e(x,i,y,c)&&(y[c]=-y[c],r=m(x,i+A(x[i]),I,y,j,J),y[c]=-y[c],r))return 1;return i>=I;}e(x,i,y,j)int*x,*y;{for(int c=j+1;c<j+y[j];c+=y[c])if(e(x,i,y,c))return 1;return x[*x+i]==y[*y+j]&m(x,i+1,i+A(x[i]),y,j+1,j+y[j]);}g(){for(k=p;k&&*(o=P[--k])==v;)for(i=v;i--;)for(c=3;c--;)for(P=realloc(P,8*p+8),P[p++]=t=realloc(0,8*v+8),q=i+o[i],j=v+1;j--;)r=j-(j>q),t[j]=j-q?o[r]+(r<=i&r+o[r]>i):1,t[j-~v]=j-q?o[v+r]:c;v++;}f(d){int k=0;for(S=realloc(S,4*d+4),v>d||g(),M+=d>M;k<p&&*P[k]<d+2;~q?:f(d+1),k++)for(S[d]=k,q=d;q--&&!e(P[S[q]],0,P[k],0););}main(){for(;p<3;*P[p++]=1)P=realloc(P,8*p+8),(P[p]=realloc(0,8))[1]=p;f(0);printf("%d",M);}
      |                                                                                                                                                                                                                                                                                                                                                                                                                                                                                                                                                                                                                                                                                                                                              ^
c/rejected/04_unparenthesised_abs_macro.c:2:6: note: built-in ‘realloc’ declared here
    2 | void*realloc();int**P,*S,p,v=1,e(),q,r,k,i,c,j,*o,*t,M;m(x,i,I,y,j,J)int*x,*y;{for(int c=j;i<I&c<J;c+=A(y[c]))if(y[c]>0&e(x,i,y,c)&&(y[c]=-y[c],r=m(x,i+A(x[i]),I,y,j,J),y[c]=-y[c],r))return 1;return i>=I;}e(x,i,y,j)int*x,*y;{for(int c=j+1;c<j+y[j];c+=y[c])if(e(x,i,y,c))return 1;return x[*x+i]==y[*y+j]&m(x,i+1,i+A(x[i]),y,j+1,j+y[j]);}g(){for(k=p;k&&*(o=P[--k])==v;)for(i=v;i--;)for(c=3;c--;)for(P=realloc(P,8*p+8),P[p++]=t=realloc(0,8*v+8),q=i+o[i],j=v+1;j--;)r=j-(j>q),t[j]=j-q?o[r]+(r<=i&r+o[r]>i):1,t[j-~v]=j-q?o[v+r]:c;v++;}f(d){int k=0;for(S=realloc(S,4*d+4),v>d||g(),M+=d>M;k<p&&*P[k]<d+2;~q?:f(d+1),k++)for(S[d]=k,q=d;q--&&!e(P[S[q]],0,P[k],0););}main(){for(;p<3;*P[p++]=1)P=realloc(P,8*p+8),(P[p]=realloc(0,8))[1]=p;f(0);printf("%d",M);}
      |      ^~~~~~~
c/rejected/04_unparenthesised_abs_macro.c:2:732: warning: implicit declaration of function ‘printf’ [-Wimplicit-function-declaration]
    2 | void*realloc();int**P,*S,p,v=1,e(),q,r,k,i,c,j,*o,*t,M;m(x,i,I,y,j,J)int*x,*y;{for(int c=j;i<I&c<J;c+=A(y[c]))if(y[c]>0&e(x,i,y,c)&&(y[c]=-y[c],r=m(x,i+A(x[i]),I,y,j,J),y[c]=-y[c],r))return 1;return i>=I;}e(x,i,y,j)int*x,*y;{for(int c=j+1;c<j+y[j];c+=y[c])if(e(x,i,y,c))return 1;return x[*x+i]==y[*y+j]&m(x,i+1,i+A(x[i]),y,j+1,j+y[j]);}g(){for(k=p;k&&*(o=P[--k])==v;)for(i=v;i--;)for(c=3;c--;)for(P=realloc(P,8*p+8),P[p++]=t=realloc(0,8*v+8),q=i+o[i],j=v+1;j--;)r=j-(j>q),t[j]=j-q?o[r]+(r<=i&r+o[r]>i):1,t[j-~v]=j-q?o[v+r]:c;v++;}f(d){int k=0;for(S=realloc(S,4*d+4),v>d||g(),M+=d>M;k<p&&*P[k]<d+2;~q?:f(d+1),k++)for(S[d]=k,q=d;q--&&!e(P[S[q]],0,P[k],0););}main(){for(;p<3;*P[p++]=1)P=realloc(P,8*p+8),(P[p]=realloc(0,8))[1]=p;f(0);printf("%d",M);}
      |                                                                                                                                                                                                                                                                                                                                                                                                                                                                                                                                                                                                                                                                                                                                                            ^~~~~~
c/rejected/04_unparenthesised_abs_macro.c:1:1: note: include ‘<stdio.h>’ or provide a declaration of ‘printf’
  +++ |+#include <stdio.h>
    1 | #define A(n)n<0?-n:n
c/rejected/04_unparenthesised_abs_macro.c:2:732: warning: incompatible implicit declaration of built-in function ‘printf’ [-Wbuiltin-declaration-mismatch]
    2 | void*realloc();int**P,*S,p,v=1,e(),q,r,k,i,c,j,*o,*t,M;m(x,i,I,y,j,J)int*x,*y;{for(int c=j;i<I&c<J;c+=A(y[c]))if(y[c]>0&e(x,i,y,c)&&(y[c]=-y[c],r=m(x,i+A(x[i]),I,y,j,J),y[c]=-y[c],r))return 1;return i>=I;}e(x,i,y,j)int*x,*y;{for(int c=j+1;c<j+y[j];c+=y[c])if(e(x,i,y,c))return 1;return x[*x+i]==y[*y+j]&m(x,i+1,i+A(x[i]),y,j+1,j+y[j]);}g(){for(k=p;k&&*(o=P[--k])==v;)for(i=v;i--;)for(c=3;c--;)for(P=realloc(P,8*p+8),P[p++]=t=realloc(0,8*v+8),q=i+o[i],j=v+1;j--;)r=j-(j>q),t[j]=j-q?o[r]+(r<=i&r+o[r]>i):1,t[j-~v]=j-q?o[v+r]:c;v++;}f(d){int k=0;for(S=realloc(S,4*d+4),v>d||g(),M+=d>M;k<p&&*P[k]<d+2;~q?:f(d+1),k++)for(S[d]=k,q=d;q--&&!e(P[S[q]],0,P[k],0););}main(){for(;p<3;*P[p++]=1)P=realloc(P,8*p+8),(P[p]=realloc(0,8))[1]=p;f(0);printf("%d",M);}
      |                                                                                                                                                                                                                                                                                                                                                                                                                                                                                                                                                                                                                                                                                                                                                            ^~~~~~
c/rejected/04_unparenthesised_abs_macro.c:2:732: note: include ‘<stdio.h>’ or provide a declaration of ‘printf’
c/rejected/04_unparenthesised_abs_macro.c: In function ‘g’:
c/rejected/04_unparenthesised_abs_macro.c:2:530: warning: control reaches end of non-void function [-Wreturn-type]
    2 | void*realloc();int**P,*S,p,v=1,e(),q,r,k,i,c,j,*o,*t,M;m(x,i,I,y,j,J)int*x,*y;{for(int c=j;i<I&c<J;c+=A(y[c]))if(y[c]>0&e(x,i,y,c)&&(y[c]=-y[c],r=m(x,i+A(x[i]),I,y,j,J),y[c]=-y[c],r))return 1;return i>=I;}e(x,i,y,j)int*x,*y;{for(int c=j+1;c<j+y[j];c+=y[c])if(e(x,i,y,c))return 1;return x[*x+i]==y[*y+j]&m(x,i+1,i+A(x[i]),y,j+1,j+y[j]);}g(){for(k=p;k&&*(o=P[--k])==v;)for(i=v;i--;)for(c=3;c--;)for(P=realloc(P,8*p+8),P[p++]=t=realloc(0,8*v+8),q=i+o[i],j=v+1;j--;)r=j-(j>q),t[j]=j-q?o[r]+(r<=i&r+o[r]>i):1,t[j-~v]=j-q?o[v+r]:c;v++;}f(d){int k=0;for(S=realloc(S,4*d+4),v>d||g(),M+=d>M;k<p&&*P[k]<d+2;~q?:f(d+1),k++)for(S[d]=k,q=d;q--&&!e(P[S[q]],0,P[k],0););}main(){for(;p<3;*P[p++]=1)P=realloc(P,8*p+8),(P[p]=realloc(0,8))[1]=p;f(0);printf("%d",M);}
      |                                                                                                                                                                                                                                                                                                                                                                                                                                                                                                                                                  ^
c/rejected/04_unparenthesised_abs_macro.c: In function ‘f’:
c/rejected/04_unparenthesised_abs_macro.c:2:656: warning: control reaches end of non-void function [-Wreturn-type]
    2 | void*realloc();int**P,*S,p,v=1,e(),q,r,k,i,c,j,*o,*t,M;m(x,i,I,y,j,J)int*x,*y;{for(int c=j;i<I&c<J;c+=A(y[c]))if(y[c]>0&e(x,i,y,c)&&(y[c]=-y[c],r=m(x,i+A(x[i]),I,y,j,J),y[c]=-y[c],r))return 1;return i>=I;}e(x,i,y,j)int*x,*y;{for(int c=j+1;c<j+y[j];c+=y[c])if(e(x,i,y,c))return 1;return x[*x+i]==y[*y+j]&m(x,i+1,i+A(x[i]),y,j+1,j+y[j]);}g(){for(k=p;k&&*(o=P[--k])==v;)for(i=v;i--;)for(c=3;c--;)for(P=realloc(P,8*p+8),P[p++]=t=realloc(0,8*v+8),q=i+o[i],j=v+1;j--;)r=j-(j>q),t[j]=j-q?o[r]+(r<=i&r+o[r]>i):1,t[j-~v]=j-q?o[v+r]:c;v++;}f(d){int k=0;for(S=realloc(S,4*d+4),v>d||g(),M+=d>M;k<p&&*P[k]<d+2;~q?:f(d+1),k++)for(S[d]=k,q=d;q--&&!e(P[S[q]],0,P[k],0););}main(){for(;p<3;*P[p++]=1)P=realloc(P,8*p+8),(P[p]=realloc(0,8))[1]=p;f(0);printf("%d",M);}
      |                                                                                                                                                                                                                                                                                                                                                                                                                                                                                                                                                                                                                                                                                ^


plain run: rc=-9


sanitizer run: rc=1
stdout: 
stderr:
=================================================================
==2505==ERROR: AddressSanitizer: heap-buffer-overflow on address 0x5020000000cc at pc 0x5592515ac0c2 bp 0x7ffc3c0a1970 sp 0x7ffc3c0a1960
READ of size 4 at 0x5020000000cc thread T0
    #0 0x5592515ac0c1 in e /tmp/rj2.c:2
    #1 0x5592515ab423 in m /tmp/rj2.c:2
    #2 0x5592515ab7ff in m /tmp/rj2.c:2
    #3 0x5592515ac2a9 in e /tmp/rj2.c:2
    #4 0x5592515acfbd in f /tmp/rj2.c:2
    #5 0x5592515ad005 in f /tmp/rj2.c:2
    #6 0x5592515ad005 in f /tmp/rj2.c:2
    #7 0x5592515ad474 in main /tmp/rj2.c:2
    #8 0x7f99ed82a1c9 in __libc_start_call_main ../sysdeps/nptl/libc_start_call_main.h:58
    #9 0x7f99ed82a28a in __libc_start_main_impl ../csu/libc-start.c:360
    #10 0x5592515ab264 in _start (/tmp/rja+0x5264) (BuildId: f1eaa3245a7abd074377727ef13ce7da2829f70a)

0x5020000000cc is located 4 bytes before 16-byte region [0x5020000000d0,0x5020000000e0)
allocated by thread T0 here:
    #0 0x7f99ee4fc778 in realloc ../../../../src/libsanitizer/asan/asan_malloc_linux.cpp:85
    #1 0x5592515ac3af in g /tmp/rj2.c:2
    #2 0x5592515accb5 in f /tmp/rj2.c:2
    #3 0x5592515ad005 in f /tmp/rj2.c:2
    #4 0x5592515ad474 in main /tmp/rj2.c:2
    #5 0x7f99ed82a1c9 in __libc_start_call_main ../sysdeps/nptl/libc_start_call_main.h:58
    #6 0x7f99ed82a28a in __libc_start_main_impl ../csu/libc-start.c:360
    #7 0x5592515ab264 in _start (/tmp/rja+0x5264) (BuildId: f1eaa3245a7abd074377727ef13ce7da2829f70a)

SUMMARY: AddressSanitizer: heap-buffer-overflow /tmp/rj2.c:2 in e
Shadow bytes around the buggy address:
  0x501ffffffe00: 00 00 00 00 00 00 00 00 00 00 00 00 00 00 00 00
  0x501ffffffe80: 00 00 00 00 00 00 00 00 00 00 00 00 00 00 00 00
  0x501fffffff00: 00 00 00 00 00 00 00 00 00 00 00 00 00 00 00 00
  0x501fffffff80: 00 00 00 00 00 00 00 00 00 00 00 00 00 00 00 00
  0x502000000000: fa fa fd fa fa fa 00 fa fa fa fd fd fa fa 00 fa
=>0x502000000080: fa fa fd fa fa fa fd fa fa[fa]00 00 fa fa 00 00
  0x502000000100: fa fa 00 00 fa fa 00 00 fa fa fd fd fa fa fd fd
  0x502000000180: fa fa 00 00 fa fa fa fa fa fa fa fa fa fa fa fa
  0x502000000200: fa fa fa fa fa fa fa fa fa fa fa fa fa fa fa fa
  0x502000000280: fa fa fa fa fa fa fa fa fa fa fa fa fa fa fa fa
  0x502000000300: fa fa fa fa fa fa fa fa fa fa fa fa fa fa fa fa
Shadow byte legend (one shadow byte represents 8 application bytes):
  Addressable:           00
  Partially addressable: 01 02 03 04 05 06 07 
  Heap left redzone:       fa
  Freed heap region:       fd
  Stack left redzone:      f1
  Stack mid redzone:       f2
  Stack right redzone:     f3
  Stack after return:      f5
  Stack use after scope:   f8
  Global redzone:          f9
  Global init order:       f6
  Poisoned by user:        f7
  Container overflow:      fc
  Array cookie:            ac
  Intra object redzone:    bb
  ASan internal:           fe
  Left alloca redzone:     ca
  Right alloca redzone:    cb
==2505==ABORTING

