gcc -Wall:
c/rejected/10_no_self_check.c:1:59: warning: return type defaults to ‘int’ [-Wimplicit-int]
    1 | void*realloc();int**P,**S,p=1,v,q,k,i,c,j,*o,*t,M,*x,*y,Z;m(i,I,j){int c=j+1,J=j+y[j];for(;i<I&c<J&&(!e(i,c)||!(y[c]*=-1,k=m(i+x[i],I,j),y[c]*=-1,k));c+=abs(y[c]));return i/I|c<J;}e(i,j){int J=j+y[j];for(;j<J&&(x[*x+i]-y[*y+j]|!m(i+1,i+x[i],j));j++);return j<J;}g(){for(k=p;k&&*(o=P[--k])+1==v;)for(i=v;i--;)for(c=3;c--;)for(P=realloc(P,8*p+8),P[p++]=t=realloc(0,8*v),j=v;j--;)q=j-(j>i),t[j]=j-i?o[q]+(i+~q<0u+o[q]):i?1:v,t[j+v]=j-i?o[v+q-1]:c;}f(d,k){for(S=realloc(S,8*d+8),v>d+1||g(v++),M+=d>M;*P[k]<d+2;~q?:f(d+1,1),k++)for(S[d]=y=P[k],q=d;q--&&!(x=S[q],e(0,0)););}main(){*(P=realloc(0,8))=&Z;g(v++);f(0,1);printf("%d",M);}
      |                                                           ^
c/rejected/10_no_self_check.c: In function ‘m’:
c/rejected/10_no_self_check.c:1:59: warning: type of ‘i’ defaults to ‘int’ [-Wimplicit-int]
c/rejected/10_no_self_check.c:1:59: warning: type of ‘I’ defaults to ‘int’ [-Wimplicit-int]
c/rejected/10_no_self_check.c:1:59: warning: type of ‘j’ defaults to ‘int’ [-Wimplicit-int]
c/rejected/10_no_self_check.c:1:93: warning: suggest parentheses around comparison in operand of ‘&’ [-Wparentheses]
    1 | void*realloc();int**P,**S,p=1,v,q,k,i,c,j,*o,*t,M,*x,*y,Z;m(i,I,j){int c=j+1,J=j+y[j];for(;i<I&c<J&&(!e(i,c)||!(y[c]*=-1,k=m(i+x[i],I,j),y[c]*=-1,k));c+=abs(y[c]));return i/I|c<J;}e(i,j){int J=j+y[j];for(;j<J&&(x[*x+i]-y[*y+j]|!m(i+1,i+x[i],j));j++);return j<J;}g(){for(k=p;k&&*(o=P[--k])+1==v;)for(i=v;i--;)for(c=3;c--;)for(P=realloc(P,8*p+8),P[p++]=t=realloc(0,8*v),j=v;j--;)q=j-(j>i),t[j]=j-i?o[q]+(i+~q<0u+o[q]):i?1:v,t[j+v]=j-i?o[v+q-1]:c;}f(d,k){for(S=realloc(S,8*d+8),v>d+1||g(v++),M+=d>M;*P[k]<d+2;~q?:f(d+1,1),k++)for(S[d]=y=P[k],q=d;q--&&!(x=S[q],e(0,0)););}main(){*(P=realloc(0,8))=&Z;g(v++);f(0,1);printf("%d",M);}
      |                                                                                            ~^~
c/rejected/10_no_self_check.c:1:103: warning: implicit declaration of function ‘e’ [-Wimplicit-function-declaration]
    1 | void*realloc();int**P,**S,p=1,v,q,k,i,c,j,*o,*t,M,*x,*y,Z;m(i,I,j){int c=j+1,J=j+y[j];for(;i<I&c<J&&(!e(i,c)||!(y[c]*=-1,k=m(i+x[i],I,j),y[c]*=-1,k));c+=abs(y[c]));return i/I|c<J;}e(i,j){int J=j+y[j];for(;j<J&&(x[*x+i]-y[*y+j]|!m(i+1,i+x[i],j));j++);return j<J;}g(){for(k=p;k&&*(o=P[--k])+1==v;)for(i=v;i--;)for(c=3;c--;)for(P=realloc(P,8*p+8),P[p++]=t=realloc(0,8*v),j=v;j--;)q=j-(j>i),t[j]=j-i?o[q]+(i+~q<0u+o[q]):i?1:v,t[j+v]=j-i?o[v+q-1]:c;}f(d,k){for(S=realloc(S,8*d+8),v>d+1||g(v++),M+=d>M;*P[k]<d+2;~q?:f(d+1,1),k++)for(S[d]=y=P[k],q=d;q--&&!(x=S[q],e(0,0)););}main(){*(P=realloc(0,8))=&Z;g(v++);f(0,1);printf("%d",M);}
      |                                                                                                       ^
c/rejected/10_no_self_check.c:1:154: warning: implicit declaration of function ‘abs’ [-Wimplicit-function-declaration]
    1 | void*realloc();int**P,**S,p=1,v,q,k,i,c,j,*o,*t,M,*x,*y,Z;m(i,I,j){int c=j+1,J=j+y[j];for(;i<I&c<J&&(!e(i,c)||!(y[c]*=-1,k=m(i+x[i],I,j),y[c]*=-1,k));c+=abs(y[c]));return i/I|c<J;}e(i,j){int J=j+y[j];for(;j<J&&(x[*x+i]-y[*y+j]|!m(i+1,i+x[i],j));j++);return j<J;}g(){for(k=p;k&&*(o=P[--k])+1==v;)for(i=v;i--;)for(c=3;c--;)for(P=realloc(P,8*p+8),P[p++]=t=realloc(0,8*v),j=v;j--;)q=j-(j>i),t[j]=j-i?o[q]+(i+~q<0u+o[q]):i?1:v,t[j+v]=j-i?o[v+q-1]:c;}f(d,k){for(S=realloc(S,8*d+8),v>d+1||g(v++),M+=d>M;*P[k]<d+2;~q?:f(d+1,1),k++)for(S[d]=y=P[k],q=d;q--&&!(x=S[q],e(0,0)););}main(){*(P=realloc(0,8))=&Z;g(v++);f(0,1);printf("%d",M);}
      |                                                                                                                                                          ^~~
c/rejected/10_no_self_check.c:1:1: note: include ‘<stdlib.h>’ or provide a declaration of ‘abs’
  +++ |+#include <stdlib.h>
    1 | void*realloc();int**P,**S,p=1,v,q,k,i,c,j,*o,*t,M,*x,*y,Z;m(i,I,j){int c=j+1,J=j+y[j];for(;i<I&c<J&&(!e(i,c)||!(y[c]*=-1,k=m(i+x[i],I,j),y[c]*=-1,k));c+=abs(y[c]));return i/I|c<J;}e(i,j){int J=j+y[j];for(;j<J&&(x[*x+i]-y[*y+j]|!m(i+1,i+x[i],j));j++);return j<J;}g(){for(k=p;k&&*(o=P[--k])+1==v;)for(i=v;i--;)for(c=3;c--;)for(P=realloc(P,8*p+8),P[p++]=t=realloc(0,8*v),j=v;j--;)q=j-(j>i),t[j]=j-i?o[q]+(i+~q<0u+o[q]):i?1:v,t[j+v]=j-i?o[v+q-1]:c;}f(d,k){for(S=realloc(S,8*d+8),v>d+1||g(v++),M+=d>M;*P[k]<d+2;~q?:f(d+1,1),k++)for(S[d]=y=P[k],q=d;q--&&!(x=S[q],e(0,0)););}main(){*(P=realloc(0,8))=&Z;g(v++);f(0,1);printf("%d",M);}
c/rejected/10_no_self_check.c:1:177: warning: suggest parentheses around comparison in operand of ‘|’ [-Wparentheses]
    1 | void*realloc();int**P,**S,p=1,v,q,k,i,c,j,*o,*t,M,*x,*y,Z;m(i,I,j){int c=j+1,J=j+y[j];for(;i<I&c<J&&(!e(i,c)||!(y[c]*=-1,k=m(i+x[i],I,j),y[c]*=-1,k));c+=abs(y[c]));return i/I|c<J;}e(i,j){int J=j+y[j];for(;j<J&&(x[*x+i]-y[*y+j]|!m(i+1,i+x[i],j));j++);return j<J;}g(){for(k=p;k&&*(o=P[--k])+1==v;)for(i=v;i--;)for(c=3;c--;)for(P=realloc(P,8*p+8),P[p++]=t=realloc(0,8*v),j=v;j--;)q=j-(j>i),t[j]=j-i?o[q]+(i+~q<0u+o[q]):i?1:v,t[j+v]=j-i?o[v+q-1]:c;}f(d,k){for(S=realloc(S,8*d+8),v>d+1||g(v++),M+=d>M;*P[k]<d+2;~q?:f(d+1,1),k++)for(S[d]=y=P[k],q=d;q--&&!(x=S[q],e(0,0)););}main(){*(P=realloc(0,8))=&Z;g(v++);f(0,1);printf("%d",M);}
      |                                                                                                                                                                                ~^~
c/rejected/10_no_self_check.c: At top level:
c/rejected/10_no_self_check.c:1:181: warning: return type defaults to ‘int’ [-Wimplicit-int]
    1 | void*realloc();int**P,**S,p=1,v,q,k,i,c,j,*o,*t,M,*x,*y,Z;m(i,I,j){int c=j+1,J=j+y[j];for(;i<I&c<J&&(!e(i,c)||!(y[c]*=-1,k=m(i+x[i],I,j),y[c]*=-1,k));c+=abs(y[c]));return i/I|c<J;}e(i,j){int J=j+y[j];for(;j<J&&(x[*x+i]-y[*y+j]|!m(i+1,i+x[i],j));j++);return j<J;}g(){for(k=p;k&&*(o=P[--k])+1==v;)for(i=v;i--;)for(c=3;c--;)for(P=realloc(P,8*p+8),P[p++]=t=realloc(0,8*v),j=v;j--;)q=j-(j>i),t[j]=j-i?o[q]+(i+~q<0u+o[q]):i?1:v,t[j+v]=j-i?o[v+q-1]:c;}f(d,k){for(S=realloc(S,8*d+8),v>d+1||g(v++),M+=d>M;*P[k]<d+2;~q?:f(d+1,1),k++)for(S[d]=y=P[k],q=d;q--&&!(x=S[q],e(0,0)););}main(){*(P=realloc(0,8))=&Z;g(v++);f(0,1);printf("%d",M);}
      |                                                                                                                                                                                     ^
c/rejected/10_no_self_check.c: In function ‘e’:
c/rejected/10_no_self_check.c:1:181: warning: type of ‘i’ defaults to ‘int’ [-Wimplicit-int]
c/rejected/10_no_self_check.c:1:181: warning: type of ‘j’ defaults to ‘int’ [-Wimplicit-int]
c/rejected/10_no_self_check.c:1:219: warning: suggest parentheses around arithmetic in operand of ‘|’ [-Wparentheses]
    1 | void*realloc();int**P,**S,p=1,v,q,k,i,c,j,*o,*t,M,*x,*y,Z;m(i,I,j){int c=j+1,J=j+y[j];for(;i<I&c<J&&(!e(i,c)||!(y[c]*=-1,k=m(i+x[i],I,j),y[c]*=-1,k));c+=abs(y[c]));return i/I|c<J;}e(i,j){int J=j+y[j];for(;j<J&&(x[*x+i]-y[*y+j]|!m(i+1,i+x[i],j));j++);return j<J;}g(){for(k=p;k&&*(o=P[--k])+1==v;)for(i=v;i--;)for(c=3;c--;)for(P=realloc(P,8*p+8),P[p++]=t=realloc(0,8*v),j=v;j--;)q=j-(j>i),t[j]=j-i?o[q]+(i+~q<0u+o[q]):i?1:v,t[j+v]=j-i?o[v+q-1]:c;}f(d,k){for(S=realloc(S,8*d+8),v>d+1||g(v++),M+=d>M;*P[k]<d+2;~q?:f(d+1,1),k++)for(S[d]=y=P[k],q=d;q--&&!(x=S[q],e(0,0)););}main(){*(P=realloc(0,8))=&Z;g(v++);f(0,1);printf("%d",M);}
      |                                                                                                                                                                                                                    ~~~~~~~^~~~~~~~
c/rejected/10_no_self_check.c: At top level:
c/rejected/10_no_self_check.c:1:263: warning: return type defaults to ‘int’ [-Wimplicit-int]
    1 | void*realloc();int**P,**S,p=1,v,q,k,i,c,j,*o,*t,M,*x,*y,Z;m(i,I,j){int c=j+1,J=j+y[j];for(;i<I&c<J&&(!e(i,c)||!(y[c]*=-1,k=m(i+x[i],I,j),y[c]*=-1,k));c+=abs(y[c]));return i/I|c<J;}e(i,j){int J=j+y[j];for(;j<J&&(x[*x+i]-y[*y+j]|!m(i+1,i+x[i],j));j++);return j<J;}g(){for(k=p;k&&*(o=P[--k])+1==v;)for(i=v;i--;)for(c=3;c--;)for(P=realloc(P,8*p+8),P[p++]=t=realloc(0,8*v),j=v;j--;)q=j-(j>i),t[j]=j-i?o[q]+(i+~q<0u+o[q]):i?1:v,t[j+v]=j-i?o[v+q-1]:c;}f(d,k){for(S=realloc(S,8*d+8),v>d+1||g(v++),M+=d>M;*P[k]<d+2;~q?:f(d+1,1),k++)for(S[d]=y=P[k],q=d;q--&&!(x=S[q],e(0,0)););}main(){*(P=realloc(0,8))=&Z;g(v++);f(0,1);printf("%d",M);}
      |                                                                                                                                                                                                                                                                       ^
c/rejected/10_no_self_check.c: In function ‘g’:
c/rejected/10_no_self_check.c:1:341: warning: ‘realloc’ argument 2 type is ‘int’ where ‘long unsigned int’ is expected in a call to built-in function declared without prototype [-Wbuiltin-declaration-mismatch]
    1 | void*realloc();int**P,**S,p=1,v,q,k,i,c,j,*o,*t,M,*x,*y,Z;m(i,I,j){int c=j+1,J=j+y[j];for(;i<I&c<J&&(!e(i,c)||!(y[c]*=-1,k=m(i+x[i],I,j),y[c]*=-1,k));c+=abs(y[c]));return i/I|c<J;}e(i,j){int J=j+y[j];for(;j<J&&(x[*x+i]-y[*y+j]|!m(i+1,i+x[i],j));j++);return j<J;}g(){for(k=p;k&&*(o=P[--k])+1==v;)for(i=v;i--;)for(c=3;c--;)for(P=realloc(P,8*p+8),P[p++]=t=realloc(0,8*v),j=v;j--;)q=j-(j>i),t[j]=j-i?o[q]+(i+~q<0u+o[q]):i?1:v,t[j+v]=j-i?o[v+q-1]:c;}f(d,k){for(S=realloc(S,8*d+8),v>d+1||g(v++),M+=d>M;*P[k]<d+2;~q?:f(d+1,1),k++)for(S[d]=y=P[k],q=d;q--&&!(x=S[q],e(0,0)););}main(){*(P=realloc(0,8))=&Z;g(v++);f(0,1);printf("%d",M);}
      |                                                                                                                                                                                                                                                                                                                                                  ~~~^~
c/rejected/10_no_self_check.c:1:6: note: built-in ‘realloc’ declared here
    1 | void*realloc();int**P,**S,p=1,v,q,k,i,c,j,*o,*t,M,*x,*y,Z;m(i,I,j){int c=j+1,J=j+y[j];for(;i<I&c<J&&(!e(i,c)||!(y[c]*=-1,k=m(i+x[i],I,j),y[c]*=-1,k));c+=abs(y[c]));return i/I|c<J;}e(i,j){int J=j+y[j];for(;j<J&&(x[*x+i]-y[*y+j]|!m(i+1,i+x[i],j));j++);return j<J;}g(){for(k=p;k&&*(o=P[--k])+1==v;)for(i=v;i--;)for(c=3;c--;)for(P=realloc(P,8*p+8),P[p++]=t=realloc(0,8*v),j=v;j--;)q=j-(j>i),t[j]=j-i?o[q]+(i+~q<0u+o[q]):i?1:v,t[j+v]=j-i?o[v+q-1]:c;}f(d,k){for(S=realloc(S,8*d+8),v>d+1||g(v++),M+=d>M;*P[k]<d+2;~q?:f(d+1,1),k++)for(S[d]=y=P[k],q=d;q--&&!(x=S[q],e(0,0)););}main(){*(P=realloc(0,8))=&Z;g(v++);f(0,1);printf("%d",M);}
      |      ^~~~~~~
c/rejected/10_no_self_check.c:1:365: warning: ‘realloc’ argument 2 type is ‘int’ where ‘long unsigned int’ is expected in a call to built-in function declared without prototype [-Wbuiltin-declaration-mismatch]
    1 | void*realloc();int**P,**S,p=1,v,q,k,i,c,j,*o,*t,M,*x,*y,Z;m(i,I,j){int c=j+1,J=j+y[j];for(;i<I&c<J&&(!e(i,c)||!(y[c]*=-1,k=m(i+x[i],I,j),y[c]*=-1,k));c+=abs(y[c]));return i/I|c<J;}e(i,j){int J=j+y[j];for(;j<J&&(x[*x+i]-y[*y+j]|!m(i+1,i+x[i],j));j++);return j<J;}g(){for(k=p;k&&*(o=P[--k])+1==v;)for(i=v;i--;)for(c=3;c--;)for(P=realloc(P,8*p+8),P[p++]=t=realloc(0,8*v),j=v;j--;)q=j-(j>i),t[j]=j-i?o[q]+(i+~q<0u+o[q]):i?1:v,t[j+v]=j-i?o[v+q-1]:c;}f(d,k){for(S=realloc(S,8*d+8),v>d+1||g(v++),M+=d>M;*P[k]<d+2;~q?:f(d+1,1),k++)for(S[d]=y=P[k],q=d;q--&&!(x=S[q],e(0,0)););}main(){*(P=realloc(0,8))=&Z;g(v++);f(0,1);printf("%d",M);}
      |                                                                                                                                                                                                                                                                                                                                                                            ~^~
c/rejected/10_no_self_check.c:1:6: note: built-in ‘realloc’ declared here
    1 | void*realloc();int**P,**S,p=1,v,q,k,i,c,j,*o,*t,M,*x,*y,Z;m(i,I,j){int c=j+1,J=j+y[j];for(;i<I&c<J&&(!e(i,c)||!(y[c]*=-1,k=m(i+x[i],I,j),y[c]*=-1,k));c+=abs(y[c]));return i/I|c<J;}e(i,j){int J=j+y[j];for(;j<J&&(x[*x+i]-y[*y+j]|!m(i+1,i+x[i],j));j++);return j<J;}g(){for(k=p;k&&*(o=P[--k])+1==v;)for(i=v;i--;)for(c=3;c--;)for(P=realloc(P,8*p+8),P[p++]=t=realloc(0,8*v),j=v;j--;)q=j-(j>i),t[j]=j-i?o[q]+(i+~q<0u+o[q]):i?1:v,t[j+v]=j-i?o[v+q-1]:c;}f(d,k){for(S=realloc(S,8*d+8),v>d+1||g(v++),M+=d>M;*P[k]<d+2;~q?:f(d+1,1),k++)for(S[d]=y=P[k],q=d;q--&&!(x=S[q],e(0,0)););}main(){*(P=realloc(0,8))=&Z;g(v++);f(0,1);printf("%d",M);}
      |      ^~~~~~~
c/rejected/10_no_self_check.c: At top level:
c/rejected/10_no_self_check.c:1:446: warning: return type defaults to ‘int’ [-Wimplicit-int]
    1 | void*realloc();int**P,**S,p=1,v,q,k,i,c,j,*o,*t,M,*x,*y,Z;m(i,I,j){int c=j+1,J=j+y[j];for(;i<I&c<J&&(!e(i,c)||!(y[c]*=-1,k=m(i+x[i],I,j),y[c]*=-1,k));c+=abs(y[c]));return i/I|c<J;}e(i,j){int J=j+y[j];for(;j<J&&(x[*x+i]-y[*y+j]|!m(i+1,i+x[i],j));j++);return j<J;}g(){for(k=p;k&&*(o=P[--k])+1==v;)for(i=v;i--;)for(c=3;c--;)for(P=realloc(P,8*p+8),P[p++]=t=realloc(0,8*v),j=v;j--;)q=j-(j>i),t[j]=j-i?o[q]+(i+~q<0u+o[q]):i?1:v,t[j+v]=j-i?o[v+q-1]:c;}f(d,k){for(S=realloc(S,8*d+8),v>d+1||g(v++),M+=d>M;*P[k]<d+2;~q?:f(d+1,1),k++)for(S[d]=y=P[k],q=d;q--&&!(x=S[q],e(0,0)););}main(){*(P=realloc(0,8))=&Z;g(v++);f(0,1);printf("%d",M);}
      |                                                                                                                                                                                                                                                                                                                                                                                                                                                              ^
c/rejected/10_no_self_check.c: In function ‘f’:
c/rejected/10_no_self_check.c:1:446: warning: type of ‘d’ defaults to ‘int’ [-Wimplicit-int]
c/rejected/10_no_self_check.c:1:446: warning: type of ‘k’ defaults to ‘int’ [-Wimplicit-int]
c/rejected/10_no_self_check.c:1:472: warning: ‘realloc’ argument 2 type is ‘int’ where ‘long unsigned int’ is expected in a call to built-in function declared without prototype [-Wbuiltin-declaration-mismatch]
    1 | void*realloc();int**P,**S,p=1,v,q,k,i,c,j,*o,*t,M,*x,*y,Z;m(i,I,j){int c=j+1,J=j+y[j];for(;i<I&c<J&&(!e(i,c)||!(y[c]*=-1,k=m(i+x[i],I,j),y[c]*=-1,k));c+=abs(y[c]));return i/I|c<J;}e(i,j){int J=j+y[j];for(;j<J&&(x[*x+i]-y[*y+j]|!m(i+1,i+x[i],j));j++);return j<J;}g(){for(k=p;k&&*(o=P[--k])+1==v;)for(i=v;i--;)for(c=3;c--;)for(P=realloc(P,8*p+8),P[p++]=t=realloc(0,8*v),j=v;j--;)q=j-(j>i),t[j]=j-i?o[q]+(i+~q<0u+o[q]):i?1:v,t[j+v]=j-i?o[v+q-1]:c;}f(d,k){for(S=realloc(S,8*d+8),v>d+1||g(v++),M+=d>M;*P[k]<d+2;~q?:f(d+1,1),k++)for(S[d]=y=P[k],q=d;q--&&!(x=S[q],e(0,0)););}main(){*(P=realloc(0,8))=&Z;g(v++);f(0,1);printf("%d",M);}
      |                                                                                                                                                                                                                                                                                                                                                                                                                                                                                     ~~~^~
c/rejected/10_no_self_check.c:1:6: note: built-in ‘realloc’ declared here
    1 | void*realloc();int**P,**S,p=1,v,q,k,i,c,j,*o,*t,M,*x,*y,Z;m(i,I,j){int c=j+1,J=j+y[j];for(;i<I&c<J&&(!e(i,c)||!(y[c]*=-1,k=m(i+x[i],I,j),y[c]*=-1,k));c+=abs(y[c]));return i/I|c<J;}e(i,j){int J=j+y[j];for(;j<J&&(x[*x+i]-y[*y+j]|!m(i+1,i+x[i],j));j++);return j<J;}g(){for(k=p;k&&*(o=P[--k])+1==v;)for(i=v;i--;)for(c=3;c--;)for(P=realloc(P,8*p+8),P[p++]=t=realloc(0,8*v),j=v;j--;)q=j-(j>i),t[j]=j-i?o[q]+(i+~q<0u+o[q]):i?1:v,t[j+v]=j-i?o[v+q-1]:c;}f(d,k){for(S=realloc(S,8*d+8),v>d+1||g(v++),M+=d>M;*P[k]<d+2;~q?:f(d+1,1),k++)for(S[d]=y=P[k],q=d;q--&&!(x=S[q],e(0,0)););}main(){*(P=realloc(0,8))=&Z;g(v++);f(0,1);printf("%d",M);}
      |      ^~~~~~~
c/rejected/10_no_self_check.c: At top level:
c/rejected/10_no_self_check.c:1:569: warning: return type defaults to ‘int’ [-Wimplicit-int]
    1 | void*realloc();int**P,**S,p=1,v,q,k,i,c,j,*o,*t,M,*x,*y,Z;m(i,I,j){int c=j+1,J=j+y[j];for(;i<I&c<J&&(!e(i,c)||!(y[c]*=-1,k=m(i+x[i],I,j),y[c]*=-1,k));c+=abs(y[c]));return i/I|c<J;}e(i,j){int J=j+y[j];for(;j<J&&(x[*x+i]-y[*y+j]|!m(i+1,i+x[i],j));j++);return j<J;}g(){for(k=p;k&&*(o=P[--k])+1==v;)for(i=v;i--;)for(c=3;c--;)for(P=realloc(P,8*p+8),P[p++]=t=realloc(0,8*v),j=v;j--;)q=j-(j>i),t[j]=j-i?o[q]+(i+~q<0u+o[q]):i?1:v,t[j+v]=j-i?o[v+q-1]:c;}f(d,k){for(S=realloc(S,8*d+8),v>d+1||g(v++),M+=d>M;*P[k]<d+2;~q?:f(d+1,1),k++)for(S[d]=y=P[k],q=d;q--&&!(x=S[q],e(0,0)););}main(){*(P=realloc(0,8))=&Z;g(v++);f(0,1);printf("%d",M);}
      |                                                                                                                                                                                                                                                                                                                                                                                                                                                                                                                                                                                         ^~~~
c/rejected/10_no_self_check.c: In function ‘main’:
c/rejected/10_no_self_check.c:1:590: warning: ‘realloc’ argument 2 type is ‘int’ where ‘long unsigned int’ is expected in a call to built-in function declared without prototype [-Wbuiltin-declaration-mismatch]
    1 | void*realloc();int**P,**S,p=1,v,q,k,i,c,j,*o,*t,M,*x,*y,Z;m(i,I,j){int c=j+1,J=j+y[j];for(;i<I&c<J&&(!e(i,c)||!(y[c]*=-1,k=m(i+x[i],I,j),y[c]*=-1,k));c+=abs(y[c]));return i/I|c<J;}e(i,j){int J=j+y[j];for(;j<J&&(x[*x+i]-y[*y+j]|!m(i+1,i+x[i],j));j++);return j<J;}g(){for(k=p;k&&*(o=P[--k])+1==v;)for(i=v;i--;)for(c=3;c--;)for(P=realloc(P,8*p+8),P[p++]=t=realloc(0,8*v),j=v;j--;)q=j-(j>i),t[j]=j-i?o[q]+(i+~q<0u+o[q]):i?1:v,t[j+v]=j-i?o[v+q-1]:c;}f(d,k){for(S=realloc(S,8*d+8),v>d+1||g(v++),M+=d>M;*P[k]<d+2;~q?:f(d+1,1),k++)for(S[d]=y=P[k],q=d;q--&&!(x=S[q],e(0,0)););}main(){*(P=realloc(0,8))=&Z;g(v++);f(0,1);printf("%d",M);}
      |                                                                                                                                                                                                                                                                                                                                                                                                                                                                                                                                                                                                              ^
c/rejected/10_no_self_check.c:1:6: note: built-in ‘realloc’ declared here
    1 | void*realloc();int**P,**S,p=1,v,q,k,i,c,j,*o,*t,M,*x,*y,Z;m(i,I,j){int c=j+1,J=j+y[j];for(;i<I&c<J&&(!e(i,c)||!(y[c]*=-1,k=m(i+x[i],I,j),y[c]*=-1,k));c+=abs(y[c]));return i/I|c<J;}e(i,j){int J=j+y[j];for(;j<J&&(x[*x+i]-y[*y+j]|!m(i+1,i+x[i],j));j++);return j<J;}g(){for(k=p;k&&*(o=P[--k])+1==v;)for(i=v;i--;)for(c=3;c--;)for(P=realloc(P,8*p+8),P[p++]=t=realloc(0,8*v),j=v;j--;)q=j-(j>i),t[j]=j-i?o[q]+(i+~q<0u+o[q]):i?1:v,t[j+v]=j-i?o[v+q-1]:c;}f(d,k){for(S=realloc(S,8*d+8),v>d+1||g(v++),M+=d>M;*P[k]<d+2;~q?:f(d+1,1),k++)for(S[d]=y=P[k],q=d;q--&&!(x=S[q],e(0,0)););}main(){*(P=realloc(0,8))=&Z;g(v++);f(0,1);printf("%d",M);}
      |      ^~~~~~~
c/rejected/10_no_self_check.c:1:611: warning: implicit declaration of function ‘printf’ [-Wimplicit-function-declaration]
    1 | void*realloc();int**P,**S,p=1,v,q,k,i,c,j,*o,*t,M,*x,*y,Z;m(i,I,j){int c=j+1,J=j+y[j];for(;i<I&c<J&&(!e(i,c)||!(y[c]*=-1,k=m(i+x[i],I,j),y[c]*=-1,k));c+=abs(y[c]));return i/I|c<J;}e(i,j){int J=j+y[j];for(;j<J&&(x[*x+i]-y[*y+j]|!m(i+1,i+x[i],j));j++);return j<J;}g(){for(k=p;k&&*(o=P[--k])+1==v;)for(i=v;i--;)for(c=3;c--;)for(P=realloc(P,8*p+8),P[p++]=t=realloc(0,8*v),j=v;j--;)q=j-(j>i),t[j]=j-i?o[q]+(i+~q<0u+o[q]):i?1:v,t[j+v]=j-i?o[v+q-1]:c;}f(d,k){for(S=realloc(S,8*d+8),v>d+1||g(v++),M+=d>M;*P[k]<d+2;~q?:f(d+1,1),k++)for(S[d]=y=P[k],q=d;q--&&!(x=S[q],e(0,0)););}main(){*(P=realloc(0,8))=&Z;g(v++);f(0,1);printf("%d",M);}
      |                                                                                                                                                                                                                                                                                                                                                                                                                                                                                                                                                                                                                                   ^~~~~~
c/rejected/10_no_self_check.c:1:1: note: include ‘<stdio.h>’ or provide a declaration of ‘printf’
  +++ |+#include <stdio.h>
    1 | void*realloc();int**P,**S,p=1,v,q,k,i,c,j,*o,*t,M,*x,*y,Z;m(i,I,j){int c=j+1,J=j+y[j];for(;i<I&c<J&&(!e(i,c)||!(y[c]*=-1,k=m(i+x[i],I,j),y[c]*=-1,k));c+=abs(y[c]));return i/I|c<J;}e(i,j){int J=j+y[j];for(;j<J&&(x[*x+i]-y[*y+j]|!m(i+1,i+x[i],j));j++);return j<J;}g(){for(k=p;k&&*(o=P[--k])+1==v;)for(i=v;i--;)for(c=3;c--;)for(P=realloc(P,8*p+8),P[p++]=t=realloc(0,8*v),j=v;j--;)q=j-(j>i),t[j]=j-i?o[q]+(i+~q<0u+o[q]):i?1:v,t[j+v]=j-i?o[v+q-1]:c;}f(d,k){for(S=realloc(S,8*d+8),v>d+1||g(v++),M+=d>M;*P[k]<d+2;~q?:f(d+1,1),k++)for(S[d]=y=P[k],q=d;q--&&!(x=S[q],e(0,0)););}main(){*(P=realloc(0,8))=&Z;g(v++);f(0,1);printf("%d",M);}
c/rejected/10_no_self_check.c:1:611: warning: incompatible implicit declaration of built-in function ‘printf’ [-Wbuiltin-declaration-mismatch]
    1 | void*realloc();int**P,**S,p=1,v,q,k,i,c,j,*o,*t,M,*x,*y,Z;m(i,I,j){int c=j+1,J=j+y[j];for(;i<I&c<J&&(!e(i,c)||!(y[c]*=-1,k=m(i+x[i],I,j),y[c]*=-1,k));c+=abs(y[c]));return i/I|c<J;}e(i,j){int J=j+y[j];for(;j<J&&(x[*x+i]-y[*y+j]|!m(i+1,i+x[i],j));j++);return j<J;}g(){for(k=p;k&&*(o=P[--k])+1==v;)for(i=v;i--;)for(c=3;c--;)for(P=realloc(P,8*p+8),P[p++]=t=realloc(0,8*v),j=v;j--;)q=j-(j>i),t[j]=j-i?o[q]+(i+~q<0u+o[q]):i?1:v,t[j+v]=j-i?o[v+q-1]:c;}f(d,k){for(S=realloc(S,8*d+8),v>d+1||g(v++),M+=d>M;*P[k]<d+2;~q?:f(d+1,1),k++)for(S[d]=y=P[k],q=d;q--&&!(x=S[q],e(0,0)););}main(){*(P=realloc(0,8))=&Z;g(v++);f(0,1);printf("%d",M);}
      |                                                                                                                                                                                                                                                                                                                                                                                                                                                                                                                                                                                                                                   ^~~~~~
c/rejected/10_no_self_check.c:1:611: note: include ‘<stdio.h>’ or provide a declaration of ‘printf’
c/rejected/10_no_self_check.c: In function ‘g’:
c/rejected/10_no_self_check.c:1:445: warning: control reaches end of non-void function [-Wreturn-type]
    1 | void*realloc();int**P,**S,p=1,v,q,k,i,c,j,*o,*t,M,*x,*y,Z;m(i,I,j){int c=j+1,J=j+y[j];for(;i<I&c<J&&(!e(i,c)||!(y[c]*=-1,k=m(i+x[i],I,j),y[c]*=-1,k));c+=abs(y[c]));return i/I|c<J;}e(i,j){int J=j+y[j];for(;j<J&&(x[*x+i]-y[*y+j]|!m(i+1,i+x[i],j));j++);return j<J;}g(){for(k=p;k&&*(o=P[--k])+1==v;)for(i=v;i--;)for(c=3;c--;)for(P=realloc(P,8*p+8),P[p++]=t=realloc(0,8*v),j=v;j--;)q=j-(j>i),t[j]=j-i?o[q]+(i+~q<0u+o[q]):i?1:v,t[j+v]=j-i?o[v+q-1]:c;}f(d,k){for(S=realloc(S,8*d+8),v>d+1||g(v++),M+=d>M;*P[k]<d+2;~q?:f(d+1,1),k++)for(S[d]=y=P[k],q=d;q--&&!(x=S[q],e(0,0)););}main(){*(P=realloc(0,8))=&Z;g(v++);f(0,1);printf("%d",M);}
      |                                                                                                                                                                                                                                                                                                                                                                                                                                                             ^
c/rejected/10_no_self_check.c: In function ‘f’:
c/rejected/10_no_self_check.c:1:568: warning: control reaches end of non-void function [-Wreturn-type]
    1 | void*realloc();int**P,**S,p=1,v,q,k,i,c,j,*o,*t,M,*x,*y,Z;m(i,I,j){int c=j+1,J=j+y[j];for(;i<I&c<J&&(!e(i,c)||!(y[c]*=-1,k=m(i+x[i],I,j),y[c]*=-1,k));c+=abs(y[c]));return i/I|c<J;}e(i,j){int J=j+y[j];for(;j<J&&(x[*x+i]-y[*y+j]|!m(i+1,i+x[i],j));j++);return j<J;}g(){for(k=p;k&&*(o=P[--k])+1==v;)for(i=v;i--;)for(c=3;c--;)for(P=realloc(P,8*p+8),P[p++]=t=realloc(0,8*v),j=v;j--;)q=j-(j>i),t[j]=j-i?o[q]+(i+~q<0u+o[q]):i?1:v,t[j+v]=j-i?o[v+q-1]:c;}f(d,k){for(S=realloc(S,8*d+8),v>d+1||g(v++),M+=d>M;*P[k]<d+2;~q?:f(d+1,1),k++)for(S[d]=y=P[k],q=d;q--&&!(x=S[q],e(0,0)););}main(){*(P=realloc(0,8))=&Z;g(v++);f(0,1);printf("%d",M);}
      |                                                                                                                                                                                                                                                                                                                                                                                                                                                                                                                                                                                        ^


plain run: rc=-9


sanitizer run: rc=timeout
stdout: 
stderr:

