gcc -Wall:
c/rejected/12_int_S_pointer_truncation.c:1:48: warning: return type defaults to ‘int’ [-Wimplicit-int]
    1 | void*realloc();int**P,*S,p=1,q,k,i,c,j,M,*x,*y;m(i,I,j){int c=j+1,J=j+y[j];for(;i<I&c<J&&!(e(i,c)&&(y[c]*=-1,k=m(i+x[i],I,j),y[c]*=-1,k));c+=abs(y[c]));return i/I|c<J;}e(i,j){int J=j+y[j];for(;j<J&&(x[*x+i]-y[*y+j]|!m(i+1,i+x[i],j));j++);return j<J;}g(v){for(k=p;k&&*(x=P[--k])+1==v;)for(i=v;i--;)for(c=3;c--;)for(P=realloc(P,8*p+8),P[p++]=y=realloc(0,8*v),j=v;j--;)q=j-(j>i),y[j]=j-i?x[q]+(i-q-1u<x[q]):i?1:v,y[j+v]=j-i?x[*x+q]:c;}f(d,k){for(S=realloc(S,8*d+8),g(d+2),M+=d>M;*P[k]<d+2;~q?:f(d+1,1),k++)for(S[d]=y=P[k],q=d;q--&&!(x=S[q],e(0,0)););}main(){*(P=realloc(0,8))=&M;g(1);f(0,1);printf("%d",M);}
      |                                                ^
c/rejected/12_int_S_pointer_truncation.c: In function ‘m’:
c/rejected/12_int_S_pointer_truncation.c:1:48: warning: type of ‘i’ defaults to ‘int’ [-Wimplicit-int]
c/rejected/12_int_S_pointer_truncation.c:1:48: warning: type of ‘I’ defaults to ‘int’ [-Wimplicit-int]
c/rejected/12_int_S_pointer_truncation.c:1:48: warning: type of ‘j’ defaults to ‘int’ [-Wimplicit-int]
c/rejected/12_int_S_pointer_truncation.c:1:82: warning: suggest parentheses around comparison in operand of ‘&’ [-Wparentheses]
    1 | void*realloc();int**P,*S,p=1,q,k,i,c,j,M,*x,*y;m(i,I,j){int c=j+1,J=j+y[j];for(;i<I&c<J&&!(e(i,c)&&(y[c]*=-1,k=m(i+x[i],I,j),y[c]*=-1,k));c+=abs(y[c]));return i/I|c<J;}e(i,j){int J=j+y[j];for(;j<J&&(x[*x+i]-y[*y+j]|!m(i+1,i+x[i],j));j++);return j<J;}g(v){for(k=p;k&&*(x=P[--k])+1==v;)for(i=v;i--;)for(c=3;c--;)for(P=realloc(P,8*p+8),P[p++]=y=realloc(0,8*v),j=v;j--;)q=j-(j>i),y[j]=j-i?x[q]+(i-q-1u<x[q]):i?1:v,y[j+v]=j-i?x[*x+q]:c;}f(d,k){for(S=realloc(S,8*d+8),g(d+2),M+=d>M;*P[k]<d+2;~q?:f(d+1,1),k++)for(S[d]=y=P[k],q=d;q--&&!(x=S[q],e(0,0)););}main(){*(P=realloc(0,8))=&M;g(1);f(0,1);printf("%d",M);}
      |                                                                                 ~^~
c/rejected/12_int_S_pointer_truncation.c:1:92: warning: implicit declaration of function ‘e’ [-Wimplicit-function-declaration]
    1 | void*realloc();int**P,*S,p=1,q,k,i,c,j,M,*x,*y;m(i,I,j){int c=j+1,J=j+y[j];for(;i<I&c<J&&!(e(i,c)&&(y[c]*=-1,k=m(i+x[i],I,j),y[c]*=-1,k));c+=abs(y[c]));return i/I|c<J;}e(i,j){int J=j+y[j];for(;j<J&&(x[*x+i]-y[*y+j]|!m(i+1,i+x[i],j));j++);return j<J;}g(v){for(k=p;k&&*(x=P[--k])+1==v;)for(i=v;i--;)for(c=3;c--;)for(P=realloc(P,8*p+8),P[p++]=y=realloc(0,8*v),j=v;j--;)q=j-(j>i),y[j]=j-i?x[q]+(i-q-1u<x[q]):i?1:v,y[j+v]=j-i?x[*x+q]:c;}f(d,k){for(S=realloc(S,8*d+8),g(d+2),M+=d>M;*P[k]<d+2;~q?:f(d+1,1),k++)for(S[d]=y=P[k],q=d;q--&&!(x=S[q],e(0,0)););}main(){*(P=realloc(0,8))=&M;g(1);f(0,1);printf("%d",M);}
      |                                                                                            ^
c/rejected/12_int_S_pointer_truncation.c:1:142: warning: implicit declaration of function ‘abs’ [-Wimplicit-function-declaration]
    1 | void*realloc();int**P,*S,p=1,q,k,i,c,j,M,*x,*y;m(i,I,j){int c=j+1,J=j+y[j];for(;i<I&c<J&&!(e(i,c)&&(y[c]*=-1,k=m(i+x[i],I,j),y[c]*=-1,k));c+=abs(y[c]));return i/I|c<J;}e(i,j){int J=j+y[j];for(;j<J&&(x[*x+i]-y[*y+j]|!m(i+1,i+x[i],j));j++);return j<J;}g(v){for(k=p;k&&*(x=P[--k])+1==v;)for(i=v;i--;)for(c=3;c--;)for(P=realloc(P,8*p+8),P[p++]=y=realloc(0,8*v),j=v;j--;)q=j-(j>i),y[j]=j-i?x[q]+(i-q-1u<x[q]):i?1:v,y[j+v]=j-i?x[*x+q]:c;}f(d,k){for(S=realloc(S,8*d+8),g(d+2),M+=d>M;*P[k]<d+2;~q?:f(d+1,1),k++)for(S[d]=y=P[k],q=d;q--&&!(x=S[q],e(0,0)););}main(){*(P=realloc(0,8))=&M;g(1);f(0,1);printf("%d",M);}
      |                                                                                                                                              ^~~
c/rejected/12_int_S_pointer_truncation.c:1:1: note: include ‘<stdlib.h>’ or provide a declaration of ‘abs’
  +++ |+#include <stdlib.h>
    1 | void*realloc();int**P,*S,p=1,q,k,i,c,j,M,*x,*y;m(i,I,j){int c=j+1,J=j+y[j];for(;i<I&c<J&&!(e(i,c)&&(y[c]*=-1,k=m(i+x[i],I,j),y[c]*=-1,k));c+=abs(y[c]));return i/I|c<J;}e(i,j){int J=j+y[j];for(;j<J&&(x[*x+i]-y[*y+j]|!m(i+1,i+x[i],j));j++);return j<J;}g(v){for(k=p;k&&*(x=P[--k])+1==v;)for(i=v;i--;)for(c=3;c--;)for(P=realloc(P,8*p+8),P[p++]=y=realloc(0,8*v),j=v;j--;)q=j-(j>i),y[j]=j-i?x[q]+(i-q-1u<x[q]):i?1:v,y[j+v]=j-i?x[*x+q]:c;}f(d,k){for(S=realloc(S,8*d+8),g(d+2),M+=d>M;*P[k]<d+2;~q?:f(d+1,1),k++)for(S[d]=y=P[k],q=d;q--&&!(x=S[q],e(0,0)););}main(){*(P=realloc(0,8))=&M;g(1);f(0,1);printf("%d",M);}
c/rejected/12_int_S_pointer_truncation.c:1:165: warning: suggest parentheses around comparison in operand of ‘|’ [-Wparentheses]
    1 | void*realloc();int**P,*S,p=1,q,k,i,c,j,M,*x,*y;m(i,I,j){int c=j+1,J=j+y[j];for(;i<I&c<J&&!(e(i,c)&&(y[c]*=-1,k=m(i+x[i],I,j),y[c]*=-1,k));c+=abs(y[c]));return i/I|c<J;}e(i,j){int J=j+y[j];for(;j<J&&(x[*x+i]-y[*y+j]|!m(i+1,i+x[i],j));j++);return j<J;}g(v){for(k=p;k&&*(x=P[--k])+1==v;)for(i=v;i--;)for(c=3;c--;)for(P=realloc(P,8*p+8),P[p++]=y=realloc(0,8*v),j=v;j--;)q=j-(j>i),y[j]=j-i?x[q]+(i-q-1u<x[q]):i?1:v,y[j+v]=j-i?x[*x+q]:c;}f(d,k){for(S=realloc(S,8*d+8),g(d+2),M+=d>M;*P[k]<d+2;~q?:f(d+1,1),k++)for(S[d]=y=P[k],q=d;q--&&!(x=S[q],e(0,0)););}main(){*(P=realloc(0,8))=&M;g(1);f(0,1);printf("%d",M);}
      |                                                                                                                                                                    ~^~
c/rejected/12_int_S_pointer_truncation.c: At top level:
c/rejected/12_int_S_pointer_truncation.c:1:169: warning: return type defaults to ‘int’ [-Wimplicit-int]
    1 | void*realloc();int**P,*S,p=1,q,k,i,c,j,M,*x,*y;m(i,I,j){int c=j+1,J=j+y[j];for(;i<I&c<J&&!(e(i,c)&&(y[c]*=-1,k=m(i+x[i],I,j),y[c]*=-1,k));c+=abs(y[c]));return i/I|c<J;}e(i,j){int J=j+y[j];for(;j<J&&(x[*x+i]-y[*y+j]|!m(i+1,i+x[i],j));j++);return j<J;}g(v){for(k=p;k&&*(x=P[--k])+1==v;)for(i=v;i--;)for(c=3;c--;)for(P=realloc(P,8*p+8),P[p++]=y=realloc(0,8*v),j=v;j--;)q=j-(j>i),y[j]=j-i?x[q]+(i-q-1u<x[q]):i?1:v,y[j+v]=j-i?x[*x+q]:c;}f(d,k){for(S=realloc(S,8*d+8),g(d+2),M+=d>M;*P[k]<d+2;~q?:f(d+1,1),k++)for(S[d]=y=P[k],q=d;q--&&!(x=S[q],e(0,0)););}main(){*(P=realloc(0,8))=&M;g(1);f(0,1);printf("%d",M);}
      |                                                                                                                                                                         ^
c/rejected/12_int_S_pointer_truncation.c: In function ‘e’:
c/rejected/12_int_S_pointer_truncation.c:1:169: warning: type of ‘i’ defaults to ‘int’ [-Wimplicit-int]
c/rejected/12_int_S_pointer_truncation.c:1:169: warning: type of ‘j’ defaults to ‘int’ [-Wimplicit-int]
c/rejected/12_int_S_pointer_truncation.c:1:207: warning: suggest parentheses around arithmetic in operand of ‘|’ [-Wparentheses]
    1 | void*realloc();int**P,*S,p=1,q,k,i,c,j,M,*x,*y;m(i,I,j){int c=j+1,J=j+y[j];for(;i<I&c<J&&!(e(i,c)&&(y[c]*=-1,k=m(i+x[i],I,j),y[c]*=-1,k));c+=abs(y[c]));return i/I|c<J;}e(i,j){int J=j+y[j];for(;j<J&&(x[*x+i]-y[*y+j]|!m(i+1,i+x[i],j));j++);return j<J;}g(v){for(k=p;k&&*(x=P[--k])+1==v;)for(i=v;i--;)for(c=3;c--;)for(P=realloc(P,8*p+8),P[p++]=y=realloc(0,8*v),j=v;j--;)q=j-(j>i),y[j]=j-i?x[q]+(i-q-1u<x[q]):i?1:v,y[j+v]=j-i?x[*x+q]:c;}f(d,k){for(S=realloc(S,8*d+8),g(d+2),M+=d>M;*P[k]<d+2;~q?:f(d+1,1),k++)for(S[d]=y=P[k],q=d;q--&&!(x=S[q],e(0,0)););}main(){*(P=realloc(0,8))=&M;g(1);f(0,1);printf("%d",M);}
      |                                                                                                                                                                                                        ~~~~~~~^~~~~~~~
c/rejected/12_int_S_pointer_truncation.c: At top level:
c/rejected/12_int_S_pointer_truncation.c:1:251: warning: return type defaults to ‘int’ [-Wimplicit-int]
    1 | void*realloc();int**P,*S,p=1,q,k,i,c,j,M,*x,*y;m(i,I,j){int c=j+1,J=j+y[j];for(;i<I&c<J&&!(e(i,c)&&(y[c]*=-1,k=m(i+x[i],I,j),y[c]*=-1,k));c+=abs(y[c]));return i/I|c<J;}e(i,j){int J=j+y[j];for(;j<J&&(x[*x+i]-y[*y+j]|!m(i+1,i+x[i],j));j++);return j<J;}g(v){for(k=p;k&&*(x=P[--k])+1==v;)for(i=v;i--;)for(c=3;c--;)for(P=realloc(P,8*p+8),P[p++]=y=realloc(0,8*v),j=v;j--;)q=j-(j>i),y[j]=j-i?x[q]+(i-q-1u<x[q]):i?1:v,y[j+v]=j-i?x[*x+q]:c;}f(d,k){for(S=realloc(S,8*d+8),g(d+2),M+=d>M;*P[k]<d+2;~q?:f(d+1,1),k++)for(S[d]=y=P[k],q=d;q--&&!(x=S[q],e(0,0)););}main(){*(P=realloc(0,8))=&M;g(1);f(0,1);printf("%d",M);}
      |                                                                                                                                                                                                                                                           ^
c/rejected/12_int_S_pointer_truncation.c: In function ‘g’:
c/rejected/12_int_S_pointer_truncation.c:1:251: warning: type of ‘v’ defaults to ‘int’ [-Wimplicit-int]
c/rejected/12_int_S_pointer_truncation.c:1:330: warning: ‘realloc’ argument 2 type is ‘int’ where ‘long unsigned int’ is expected in a call to built-in function declared without prototype [-Wbuiltin-declaration-mismatch]
    1 | void*realloc();int**P,*S,p=1,q,k,i,c,j,M,*x,*y;m(i,I,j){int c=j+1,J=j+y[j];for(;i<I&c<J&&!(e(i,c)&&(y[c]*=-1,k=m(i+x[i],I,j),y[c]*=-1,k));c+=abs(y[c]));return i/I|c<J;}e(i,j){int J=j+y[j];for(;j<J&&(x[*x+i]-y[*y+j]|!m(i+1,i+x[i],j));j++);return j<J;}g(v){for(k=p;k&&*(x=P[--k])+1==v;)for(i=v;i--;)for(c=3;c--;)for(P=realloc(P,8*p+8),P[p++]=y=realloc(0,8*v),j=v;j--;)q=j-(j>i),y[j]=j-i?x[q]+(i-q-1u<x[q]):i?1:v,y[j+v]=j-i?x[*x+q]:c;}f(d,k){for(S=realloc(S,8*d+8),g(d+2),M+=d>M;*P[k]<d+2;~q?:f(d+1,1),k++)for(S[d]=y=P[k],q=d;q--&&!(x=S[q],e(0,0)););}main(){*(P=realloc(0,8))=&M;g(1);f(0,1);printf("%d",M);}
      |                                                                                                                                                                                                                                                                                                                                       ~~~^~
c/rejected/12_int_S_pointer_truncation.c:1:6: note: built-in ‘realloc’ declared here
    1 | void*realloc();int**P,*S,p=1,q,k,i,c,j,M,*x,*y;m(i,I,j){int c=j+1,J=j+y[j];for(;i<I&c<J&&!(e(i,c)&&(y[c]*=-1,k=m(i+x[i],I,j),y[c]*=-1,k));c+=abs(y[c]));return i/I|c<J;}e(i,j){int J=j+y[j];for(;j<J&&(x[*x+i]-y[*y+j]|!m(i+1,i+x[i],j));j++);return j<J;}g(v){for(k=p;k&&*(x=P[--k])+1==v;)for(i=v;i--;)for(c=3;c--;)for(P=realloc(P,8*p+8),P[p++]=y=realloc(0,8*v),j=v;j--;)q=j-(j>i),y[j]=j-i?x[q]+(i-q-1u<x[q]):i?1:v,y[j+v]=j-i?x[*x+q]:c;}f(d,k){for(S=realloc(S,8*d+8),g(d+2),M+=d>M;*P[k]<d+2;~q?:f(d+1,1),k++)for(S[d]=y=P[k],q=d;q--&&!(x=S[q],e(0,0)););}main(){*(P=realloc(0,8))=&M;g(1);f(0,1);printf("%d",M);}
      |      ^~~~~~~
c/rejected/12_int_S_pointer_truncation.c:1:354: warning: ‘realloc’ argument 2 type is ‘int’ where ‘long unsigned int’ is expected in a call to built-in function declared without prototype [-Wbuiltin-declaration-mismatch]
    1 | void*realloc();int**P,*S,p=1,q,k,i,c,j,M,*x,*y;m(i,I,j){int c=j+1,J=j+y[j];for(;i<I&c<J&&!(e(i,c)&&(y[c]*=-1,k=m(i+x[i],I,j),y[c]*=-1,k));c+=abs(y[c]));return i/I|c<J;}e(i,j){int J=j+y[j];for(;j<J&&(x[*x+i]-y[*y+j]|!m(i+1,i+x[i],j));j++);return j<J;}g(v){for(k=p;k&&*(x=P[--k])+1==v;)for(i=v;i--;)for(c=3;c--;)for(P=realloc(P,8*p+8),P[p++]=y=realloc(0,8*v),j=v;j--;)q=j-(j>i),y[j]=j-i?x[q]+(i-q-1u<x[q]):i?1:v,y[j+v]=j-i?x[*x+q]:c;}f(d,k){for(S=realloc(S,8*d+8),g(d+2),M+=d>M;*P[k]<d+2;~q?:f(d+1,1),k++)for(S[d]=y=P[k],q=d;q--&&!(x=S[q],e(0,0)););}main(){*(P=realloc(0,8))=&M;g(1);f(0,1);printf("%d",M);}
      |                                                                                                                                                                                                                                                                                                                                                                 ~^~
c/rejected/12_int_S_pointer_truncation.c:1:6: note: built-in ‘realloc’ declared here
    1 | void*realloc();int**P,*S,p=1,q,k,i,c,j,M,*x,*y;m(i,I,j){int c=j+1,J=j+y[j];for(;i<I&c<J&&!(e(i,c)&&(y[c]*=-1,k=m(i+x[i],I,j),y[c]*=-1,k));c+=abs(y[c]));return i/I|c<J;}e(i,j){int J=j+y[j];for(;j<J&&(x[*x+i]-y[*y+j]|!m(i+1,i+x[i],j));j++);return j<J;}g(v){for(k=p;k&&*(x=P[--k])+1==v;)for(i=v;i--;)for(c=3;c--;)for(P=realloc(P,8*p+8),P[p++]=y=realloc(0,8*v),j=v;j--;)q=j-(j>i),y[j]=j-i?x[q]+(i-q-1u<x[q]):i?1:v,y[j+v]=j-i?x[*x+q]:c;}f(d,k){for(S=realloc(S,8*d+8),g(d+2),M+=d>M;*P[k]<d+2;~q?:f(d+1,1),k++)for(S[d]=y=P[k],q=d;q--&&!(x=S[q],e(0,0)););}main(){*(P=realloc(0,8))=&M;g(1);f(0,1);printf("%d",M);}
      |      ^~~~~~~
c/rejected/12_int_S_pointer_truncation.c: At top level:
c/rejected/12_int_S_pointer_truncation.c:1:433: warning: return type defaults to ‘int’ [-Wimplicit-int]
    1 | void*realloc();int**P,*S,p=1,q,k,i,c,j,M,*x,*y;m(i,I,j){int c=j+1,J=j+y[j];for(;i<I&c<J&&!(e(i,c)&&(y[c]*=-1,k=m(i+x[i],I,j),y[c]*=-1,k));c+=abs(y[c]));return i/I|c<J;}e(i,j){int J=j+y[j];for(;j<J&&(x[*x+i]-y[*y+j]|!m(i+1,i+x[i],j));j++);return j<J;}g(v){for(k=p;k&&*(x=P[--k])+1==v;)for(i=v;i--;)for(c=3;c--;)for(P=realloc(P,8*p+8),P[p++]=y=realloc(0,8*v),j=v;j--;)q=j-(j>i),y[j]=j-i?x[q]+(i-q-1u<x[q]):i?1:v,y[j+v]=j-i?x[*x+q]:c;}f(d,k){for(S=realloc(S,8*d+8),g(d+2),M+=d>M;*P[k]<d+2;~q?:f(d+1,1),k++)for(S[d]=y=P[k],q=d;q--&&!(x=S[q],e(0,0)););}main(){*(P=realloc(0,8))=&M;g(1);f(0,1);printf("%d",M);}
      |                                                                                                                                                                                                                                                                                                                                                                                                                                                 ^
c/rejected/12_int_S_pointer_truncation.c: In function ‘f’:
c/rejected/12_int_S_pointer_truncation.c:1:433: warning: type of ‘d’ defaults to ‘int’ [-Wimplicit-int]
c/rejected/12_int_S_pointer_truncation.c:1:433: warning: type of ‘k’ defaults to ‘int’ [-Wimplicit-int]
c/rejected/12_int_S_pointer_truncation.c:1:459: warning: ‘realloc’ argument 2 type is ‘int’ where ‘long unsigned int’ is expected in a call to built-in function declared without prototype [-Wbuiltin-declaration-mismatch]
    1 | void*realloc();int**P,*S,p=1,q,k,i,c,j,M,*x,*y;m(i,I,j){int c=j+1,J=j+y[j];for(;i<I&c<J&&!(e(i,c)&&(y[c]*=-1,k=m(i+x[i],I,j),y[c]*=-1,k));c+=abs(y[c]));return i/I|c<J;}e(i,j){int J=j+y[j];for(;j<J&&(x[*x+i]-y[*y+j]|!m(i+1,i+x[i],j));j++);return j<J;}g(v){for(k=p;k&&*(x=P[--k])+1==v;)for(i=v;i--;)for(c=3;c--;)for(P=realloc(P,8*p+8),P[p++]=y=realloc(0,8*v),j=v;j--;)q=j-(j>i),y[j]=j-i?x[q]+(i-q-1u<x[q]):i?1:v,y[j+v]=j-i?x[*x+q]:c;}f(d,k){for(S=realloc(S,8*d+8),g(d+2),M+=d>M;*P[k]<d+2;~q?:f(d+1,1),k++)for(S[d]=y=P[k],q=d;q--&&!(x=S[q],e(0,0)););}main(){*(P=realloc(0,8))=&M;g(1);f(0,1);printf("%d",M);}
      |                                                                                                                                                                                                                                                                                                                                                                                                                                                                        ~~~^~
c/rejected/12_int_S_pointer_truncation.c:1:6: note: built-in ‘realloc’ declared here
    1 | void*realloc();int**P,*S,p=1,q,k,i,c,j,M,*x,*y;m(i,I,j){int c=j+1,J=j+y[j];for(;i<I&c<J&&!(e(i,c)&&(y[c]*=-1,k=m(i+x[i],I,j),y[c]*=-1,k));c+=abs(y[c]));return i/I|c<J;}e(i,j){int J=j+y[j];for(;j<J&&(x[*x+i]-y[*y+j]|!m(i+1,i+x[i],j));j++);return j<J;}g(v){for(k=p;k&&*(x=P[--k])+1==v;)for(i=v;i--;)for(c=3;c--;)for(P=realloc(P,8*p+8),P[p++]=y=realloc(0,8*v),j=v;j--;)q=j-(j>i),y[j]=j-i?x[q]+(i-q-1u<x[q]):i?1:v,y[j+v]=j-i?x[*x+q]:c;}f(d,k){for(S=realloc(S,8*d+8),g(d+2),M+=d>M;*P[k]<d+2;~q?:f(d+1,1),k++)for(S[d]=y=P[k],q=d;q--&&!(x=S[q],e(0,0)););}main(){*(P=realloc(0,8))=&M;g(1);f(0,1);printf("%d",M);}
      |      ^~~~~~~
c/rejected/12_int_S_pointer_truncation.c:1:512: warning: assignment to ‘int’ from ‘int *’ makes integer from pointer without a cast [-Wint-conversion]
    1 | void*realloc();int**P,*S,p=1,q,k,i,c,j,M,*x,*y;m(i,I,j){int c=j+1,J=j+y[j];for(;i<I&c<J&&!(e(i,c)&&(y[c]*=-1,k=m(i+x[i],I,j),y[c]*=-1,k));c+=abs(y[c]));return i/I|c<J;}e(i,j){int J=j+y[j];for(;j<J&&(x[*x+i]-y[*y+j]|!m(i+1,i+x[i],j));j++);return j<J;}g(v){for(k=p;k&&*(x=P[--k])+1==v;)for(i=v;i--;)for(c=3;c--;)for(P=realloc(P,8*p+8),P[p++]=y=realloc(0,8*v),j=v;j--;)q=j-(j>i),y[j]=j-i?x[q]+(i-q-1u<x[q]):i?1:v,y[j+v]=j-i?x[*x+q]:c;}f(d,k){for(S=realloc(S,8*d+8),g(d+2),M+=d>M;*P[k]<d+2;~q?:f(d+1,1),k++)for(S[d]=y=P[k],q=d;q--&&!(x=S[q],e(0,0)););}main(){*(P=realloc(0,8))=&M;g(1);f(0,1);printf("%d",M);}
      |                                                                                                                                                                                                                                                                                                                                                                                                                                                                                                                                ^
c/rejected/12_int_S_pointer_truncation.c:1:532: warning: assignment to ‘int *’ from ‘int’ makes pointer from integer without a cast [-Wint-conversion]
    1 | void*realloc();int**P,*S,p=1,q,k,i,c,j,M,*x,*y;m(i,I,j){int c=j+1,J=j+y[j];for(;i<I&c<J&&!(e(i,c)&&(y[c]*=-1,k=m(i+x[i],I,j),y[c]*=-1,k));c+=abs(y[c]));return i/I|c<J;}e(i,j){int J=j+y[j];for(;j<J&&(x[*x+i]-y[*y+j]|!m(i+1,i+x[i],j));j++);return j<J;}g(v){for(k=p;k&&*(x=P[--k])+1==v;)for(i=v;i--;)for(c=3;c--;)for(P=realloc(P,8*p+8),P[p++]=y=realloc(0,8*v),j=v;j--;)q=j-(j>i),y[j]=j-i?x[q]+(i-q-1u<x[q]):i?1:v,y[j+v]=j-i?x[*x+q]:c;}f(d,k){for(S=realloc(S,8*d+8),g(d+2),M+=d>M;*P[k]<d+2;~q?:f(d+1,1),k++)for(S[d]=y=P[k],q=d;q--&&!(x=S[q],e(0,0)););}main(){*(P=realloc(0,8))=&M;g(1);f(0,1);printf("%d",M);}
      |                                                                                                                                                                                                                                                                                                                                                                                                                                                                                                                                                    ^
c/rejected/12_int_S_pointer_truncation.c: At top level:
c/rejected/12_int_S_pointer_truncation.c:1:549: warning: return type defaults to ‘int’ [-Wimplicit-int]
    1 | void*realloc();int**P,*S,p=1,q,k,i,c,j,M,*x,*y;m(i,I,j){int c=j+1,J=j+y[j];for(;i<I&c<J&&!(e(i,c)&&(y[c]*=-1,k=m(i+x[i],I,j),y[c]*=-1,k));c+=abs(y[c]));return i/I|c<J;}e(i,j){int J=j+y[j];for(;j<J&&(x[*x+i]-y[*y+j]|!m(i+1,i+x[i],j));j++);return j<J;}g(v){for(k=p;k&&*(x=P[--k])+1==v;)for(i=v;i--;)for(c=3;c--;)for(P=realloc(P,8*p+8),P[p++]=y=realloc(0,8*v),j=v;j--;)q=j-(j>i),y[j]=j-i?x[q]+(i-q-1u<x[q]):i?1:v,y[j+v]=j-i?x[*x+q]:c;}f(d,k){for(S=realloc(S,8*d+8),g(d+2),M+=d>M;*P[k]<d+2;~q?:f(d+1,1),k++)for(S[d]=y=P[k],q=d;q--&&!(x=S[q],e(0,0)););}main(){*(P=realloc(0,8))=&M;g(1);f(0,1);printf("%d",M);}
      |                                                                                                                                                                                                                                                                                                                                                                                                                                                                                                                                                                     ^~~~
c/rejected/12_int_S_pointer_truncation.c: In function ‘main’:
c/rejected/12_int_S_pointer_truncation.c:1:570: warning: ‘realloc’ argument 2 type is ‘int’ where ‘long unsigned int’ is expected in a call to built-in function declared without prototype [-Wbuiltin-declaration-mismatch]
    1 | void*realloc();int**P,*S,p=1,q,k,i,c,j,M,*x,*y;m(i,I,j){int c=j+1,J=j+y[j];for(;i<I&c<J&&!(e(i,c)&&(y[c]*=-1,k=m(i+x[i],I,j),y[c]*=-1,k));c+=abs(y[c]));return i/I|c<J;}e(i,j){int J=j+y[j];for(;j<J&&(x[*x+i]-y[*y+j]|!m(i+1,i+x[i],j));j++);return j<J;}g(v){for(k=p;k&&*(x=P[--k])+1==v;)for(i=v;i--;)for(c=3;c--;)for(P=realloc(P,8*p+8),P[p++]=y=realloc(0,8*v),j=v;j--;)q=j-(j>i),y[j]=j-i?x[q]+(i-q-1u<x[q]):i?1:v,y[j+v]=j-i?x[*x+q]:c;}f(d,k){for(S=realloc(S,8*d+8),g(d+2),M+=d>M;*P[k]<d+2;~q?:f(d+1,1),k++)for(S[d]=y=P[k],q=d;q--&&!(x=S[q],e(0,0)););}main(){*(P=realloc(0,8))=&M;g(1);f(0,1);printf("%d",M);}
      |                                                                                                                                                                                                                                                                                                                                                                                                                                                                                                                                                                                          ^
c/rejected/12_int_S_pointer_truncation.c:1:6: note: built-in ‘realloc’ declared here
    1 | void*realloc();int**P,*S,p=1,q,k,i,c,j,M,*x,*y;m(i,I,j){int c=j+1,J=j+y[j];for(;i<I&c<J&&!(e(i,c)&&(y[c]*=-1,k=m(i+x[i],I,j),y[c]*=-1,k));c+=abs(y[c]));return i/I|c<J;}e(i,j){int J=j+y[j];for(;j<J&&(x[*x+i]-y[*y+j]|!m(i+1,i+x[i],j));j++);return j<J;}g(v){for(k=p;k&&*(x=P[--k])+1==v;)for(i=v;i--;)for(c=3;c--;)for(P=realloc(P,8*p+8),P[p++]=y=realloc(0,8*v),j=v;j--;)q=j-(j>i),y[j]=j-i?x[q]+(i-q-1u<x[q]):i?1:v,y[j+v]=j-i?x[*x+q]:c;}f(d,k){for(S=realloc(S,8*d+8),g(d+2),M+=d>M;*P[k]<d+2;~q?:f(d+1,1),k++)for(S[d]=y=P[k],q=d;q--&&!(x=S[q],e(0,0)););}main(){*(P=realloc(0,8))=&M;g(1);f(0,1);printf("%d",M);}
      |      ^~~~~~~
c/rejected/12_int_S_pointer_truncation.c:1:589: warning: implicit declaration of function ‘printf’ [-Wimplicit-function-declaration]
    1 | void*realloc();int**P,*S,p=1,q,k,i,c,j,M,*x,*y;m(i,I,j){int c=j+1,J=j+y[j];for(;i<I&c<J&&!(e(i,c)&&(y[c]*=-1,k=m(i+x[i],I,j),y[c]*=-1,k));c+=abs(y[c]));return i/I|c<J;}e(i,j){int J=j+y[j];for(;j<J&&(x[*x+i]-y[*y+j]|!m(i+1,i+x[i],j));j++);return j<J;}g(v){for(k=p;k&&*(x=P[--k])+1==v;)for(i=v;i--;)for(c=3;c--;)for(P=realloc(P,8*p+8),P[p++]=y=realloc(0,8*v),j=v;j--;)q=j-(j>i),y[j]=j-i?x[q]+(i-q-1u<x[q]):i?1:v,y[j+v]=j-i?x[*x+q]:c;}f(d,k){for(S=realloc(S,8*d+8),g(d+2),M+=d>M;*P[k]<d+2;~q?:f(d+1,1),k++)for(S[d]=y=P[k],q=d;q--&&!(x=S[q],e(0,0)););}main(){*(P=realloc(0,8))=&M;g(1);f(0,1);printf("%d",M);}
      |                                                                                                                                                                                                                                                                                                                                                                                                                                                                                                                                                                                                             ^~~~~~
c/rejected/12_int_S_pointer_truncation.c:1:1: note: include ‘<stdio.h>’ or provide a declaration of ‘printf’
  +++ |+#include <stdio.h>
    1 | void*realloc();int**P,*S,p=1,q,k,i,c,j,M,*x,*y;m(i,I,j){int c=j+1,J=j+y[j];for(;i<I&c<J&&!(e(i,c)&&(y[c]*=-1,k=m(i+x[i],I,j),y[c]*=-1,k));c+=abs(y[c]));return i/I|c<J;}e(i,j){int J=j+y[j];for(;j<J&&(x[*x+i]-y[*y+j]|!m(i+1,i+x[i],j));j++);return j<J;}g(v){for(k=p;k&&*(x=P[--k])+1==v;)for(i=v;i--;)for(c=3;c--;)for(P=realloc(P,8*p+8),P[p++]=y=realloc(0,8*v),j=v;j--;)q=j-(j>i),y[j]=j-i?x[q]+(i-q-1u<x[q]):i?1:v,y[j+v]=j-i?x[*x+q]:c;}f(d,k){for(S=realloc(S,8*d+8),g(d+2),M+=d>M;*P[k]<d+2;~q?:f(d+1,1),k++)for(S[d]=y=P[k],q=d;q--&&!(x=S[q],e(0,0)););}main(){*(P=realloc(0,8))=&M;g(1);f(0,1);printf("%d",M);}
c/rejected/12_int_S_pointer_truncation.c:1:589: warning: incompatible implicit declaration of built-in function ‘printf’ [-Wbuiltin-declaration-mismatch]
    1 | void*realloc();int**P,*S,p=1,q,k,i,c,j,M,*x,*y;m(i,I,j){int c=j+1,J=j+y[j];for(;i<I&c<J&&!(e(i,c)&&(y[c]*=-1,k=m(i+x[i],I,j),y[c]*=-1,k));c+=abs(y[c]));return i/I|c<J;}e(i,j){int J=j+y[j];for(;j<J&&(x[*x+i]-y[*y+j]|!m(i+1,i+x[i],j));j++);return j<J;}g(v){for(k=p;k&&*(x=P[--k])+1==v;)for(i=v;i--;)for(c=3;c--;)for(P=realloc(P,8*p+8),P[p++]=y=realloc(0,8*v),j=v;j--;)q=j-(j>i),y[j]=j-i?x[q]+(i-q-1u<x[q]):i?1:v,y[j+v]=j-i?x[*x+q]:c;}f(d,k){for(S=realloc(S,8*d+8),g(d+2),M+=d>M;*P[k]<d+2;~q?:f(d+1,1),k++)for(S[d]=y=P[k],q=d;q--&&!(x=S[q],e(0,0)););}main(){*(P=realloc(0,8))=&M;g(1);f(0,1);printf("%d",M);}
      |                                                                                                                                                                                                                                                                                                                                                                                                                                                                                                                                                                                                             ^~~~~~
c/rejected/12_int_S_pointer_truncation.c:1:589: note: include ‘<stdio.h>’ or provide a declaration of ‘printf’
c/rejected/12_int_S_pointer_truncation.c: In function ‘g’:
c/rejected/12_int_S_pointer_truncation.c:1:432: warning: control reaches end of non-void function [-Wreturn-type]
    1 | void*realloc();int**P,*S,p=1,q,k,i,c,j,M,*x,*y;m(i,I,j){int c=j+1,J=j+y[j];for(;i<I&c<J&&!(e(i,c)&&(y[c]*=-1,k=m(i+x[i],I,j),y[c]*=-1,k));c+=abs(y[c]));return i/I|c<J;}e(i,j){int J=j+y[j];for(;j<J&&(x[*x+i]-y[*y+j]|!m(i+1,i+x[i],j));j++);return j<J;}g(v){for(k=p;k&&*(x=P[--k])+1==v;)for(i=v;i--;)for(c=3;c--;)for(P=realloc(P,8*p+8),P[p++]=y=realloc(0,8*v),j=v;j--;)q=j-(j>i),y[j]=j-i?x[q]+(i-q-1u<x[q]):i?1:v,y[j+v]=j-i?x[*x+q]:c;}f(d,k){for(S=realloc(S,8*d+8),g(d+2),M+=d>M;*P[k]<d+2;~q?:f(d+1,1),k++)for(S[d]=y=P[k],q=d;q--&&!(x=S[q],e(0,0)););}main(){*(P=realloc(0,8))=&M;g(1);f(0,1);printf("%d",M);}
      |                                                                                                                                                                                                                                                                                                                                                                                                                                                ^
c/rejected/12_int_S_pointer_truncation.c: In function ‘f’:
c/rejected/12_int_S_pointer_truncation.c:1:548: warning: control reaches end of non-void function [-Wreturn-type]
    1 | void*realloc();int**P,*S,p=1,q,k,i,c,j,M,*x,*y;m(i,I,j){int c=j+1,J=j+y[j];for(;i<I&c<J&&!(e(i,c)&&(y[c]*=-1,k=m(i+x[i],I,j),y[c]*=-1,k));c+=abs(y[c]));return i/I|c<J;}e(i,j){int J=j+y[j];for(;j<J&&(x[*x+i]-y[*y+j]|!m(i+1,i+x[i],j));j++);return j<J;}g(v){for(k=p;k&&*(x=P[--k])+1==v;)for(i=v;i--;)for(c=3;c--;)for(P=realloc(P,8*p+8),P[p++]=y=realloc(0,8*v),j=v;j--;)q=j-(j>i),y[j]=j-i?x[q]+(i-q-1u<x[q]):i?1:v,y[j+v]=j-i?x[*x+q]:c;}f(d,k){for(S=realloc(S,8*d+8),g(d+2),M+=d>M;*P[k]<d+2;~q?:f(d+1,1),k++)for(S[d]=y=P[k],q=d;q--&&!(x=S[q],e(0,0)););}main(){*(P=realloc(0,8))=&M;g(1);f(0,1);printf("%d",M);}
      |                                                                                                                                                                                                                                                                                                                                                                                                                                                                                                                                                                    ^


plain run: rc=-11


sanitizer run: rc=1
stdout: 
stderr:
AddressSanitizer:DEADLYSIGNAL
=================================================================
==2645==ERROR: AddressSanitizer: SEGV on unknown address 0x000000000050 (pc 0x560ea1442b1d bp 0x7fff060fc7b0 sp 0x7fff060fc770 T0)
==2645==The signal is caused by a READ memory access.
==2645==Hint: address points to the zero page.
    #0 0x560ea1442b1d in e /tmp/rj2.c:1
    #1 0x560ea1443a34 in f /tmp/rj2.c:1
    #2 0x560ea1443a81 in f /tmp/rj2.c:1
    #3 0x560ea1443c70 in main /tmp/rj2.c:1
    #4 0x7f71bfc2a1c9 in __libc_start_call_main ../sysdeps/nptl/libc_start_call_main.h:58
    #5 0x7f71bfc2a28a in __libc_start_main_impl ../csu/libc-start.c:360
    #6 0x560ea1442284 in _start (/tmp/rja+0x4284) (BuildId: b1c4b56e7d65591cec144c89574f2639932cce8c)

AddressSanitizer can not provide additional info.
SUMMARY: AddressSanitizer: SEGV /tmp/rj2.c:1 in e
==2645==ABORTING

